Component: ARM Compiler 5.06 update 7 (build 960) Tool: armlink [4d3601]

==============================================================================

Section Cross References

    startup_stm32f103xe.o(STACK) refers (Special) to heapauxi.o(.text) for __use_two_region_memory
    startup_stm32f103xe.o(HEAP) refers (Special) to heapauxi.o(.text) for __use_two_region_memory
    startup_stm32f103xe.o(RESET) refers (Special) to heapauxi.o(.text) for __use_two_region_memory
    startup_stm32f103xe.o(RESET) refers to startup_stm32f103xe.o(STACK) for __initial_sp
    startup_stm32f103xe.o(RESET) refers to startup_stm32f103xe.o(.text) for Reset_Handler
    startup_stm32f103xe.o(RESET) refers to stm32f1xx_it.o(i.NMI_Handler) for NMI_Handler
    startup_stm32f103xe.o(RESET) refers to stm32f1xx_it.o(i.HardFault_Handler) for HardFault_Handler
    startup_stm32f103xe.o(RESET) refers to stm32f1xx_it.o(i.MemManage_Handler) for MemManage_Handler
    startup_stm32f103xe.o(RESET) refers to stm32f1xx_it.o(i.BusFault_Handler) for BusFault_Handler
    startup_stm32f103xe.o(RESET) refers to stm32f1xx_it.o(i.UsageFault_Handler) for UsageFault_Handler
    startup_stm32f103xe.o(RESET) refers to port.o(.emb_text) for SVC_Handler
    startup_stm32f103xe.o(RESET) refers to stm32f1xx_it.o(i.DebugMon_Handler) for DebugMon_Handler
    startup_stm32f103xe.o(RESET) refers to delay.o(i.SysTick_Handler) for SysTick_Handler
    startup_stm32f103xe.o(RESET) refers to usart.o(i.USART1_IRQHandler) for USART1_IRQHandler
    startup_stm32f103xe.o(RESET) refers to btim.o(i.TIM6_IRQHandler) for TIM6_IRQHandler
    startup_stm32f103xe.o(.text) refers (Special) to heapauxi.o(.text) for __use_two_region_memory
    startup_stm32f103xe.o(.text) refers to system_stm32f1xx.o(i.SystemInit) for SystemInit
    startup_stm32f103xe.o(.text) refers to __main.o(!!!main) for __main
    startup_stm32f103xe.o(.text) refers to startup_stm32f103xe.o(HEAP) for Heap_Mem
    startup_stm32f103xe.o(.text) refers to startup_stm32f103xe.o(STACK) for Stack_Mem
    main.o(i.main) refers to stm32f1xx_hal.o(i.HAL_Init) for HAL_Init
    main.o(i.main) refers to sys.o(i.sys_stm32_clock_init) for sys_stm32_clock_init
    main.o(i.main) refers to delay.o(i.delay_init) for delay_init
    main.o(i.main) refers to usart.o(i.usart_init) for usart_init
    main.o(i.main) refers to led.o(i.led_init) for led_init
    main.o(i.main) refers to lcd.o(i.lcd_init) for lcd_init
    main.o(i.main) refers to key.o(i.key_init) for key_init
    main.o(i.main) refers to malloc.o(i.my_mem_init) for my_mem_init
    main.o(i.main) refers to freertos_demo.o(i.freertos_demo) for freertos_demo
    system_stm32f1xx.o(i.SystemCoreClockUpdate) refers to system_stm32f1xx.o(.data) for SystemCoreClock
    system_stm32f1xx.o(i.SystemCoreClockUpdate) refers to system_stm32f1xx.o(.constdata) for AHBPrescTable
    freertos_demo.o(i.freertos_demo) refers to tasks.o(i.xTaskCreate) for xTaskCreate
    freertos_demo.o(i.freertos_demo) refers to tasks.o(i.vTaskStartScheduler) for vTaskStartScheduler
    freertos_demo.o(i.freertos_demo) refers to freertos_demo.o(.data) for StartTask_Handler
    freertos_demo.o(i.freertos_demo) refers to freertos_demo.o(i.start_task) for start_task
    freertos_demo.o(i.start_task) refers to port.o(i.vPortEnterCritical) for vPortEnterCritical
    freertos_demo.o(i.start_task) refers to tasks.o(i.xTaskCreate) for xTaskCreate
    freertos_demo.o(i.start_task) refers to tasks.o(i.vTaskDelete) for vTaskDelete
    freertos_demo.o(i.start_task) refers to port.o(i.vPortExitCritical) for vPortExitCritical
    freertos_demo.o(i.start_task) refers to freertos_demo.o(.data) for Task1Task_Handler
    freertos_demo.o(i.start_task) refers to freertos_demo.o(i.task1) for task1
    freertos_demo.o(i.start_task) refers to freertos_demo.o(i.task2) for task2
    freertos_demo.o(i.task1) refers to stm32f1xx_hal_gpio.o(i.HAL_GPIO_TogglePin) for HAL_GPIO_TogglePin
    freertos_demo.o(i.task1) refers to tasks.o(i.vTaskDelay) for vTaskDelay
    freertos_demo.o(i.task2) refers to stm32f1xx_hal_gpio.o(i.HAL_GPIO_TogglePin) for HAL_GPIO_TogglePin
    freertos_demo.o(i.task2) refers to tasks.o(i.vTaskDelay) for vTaskDelay
    delay.o(i.HAL_Delay) refers to delay.o(i.delay_ms) for delay_ms
    delay.o(i.SysTick_Handler) refers to stm32f1xx_hal.o(i.HAL_IncTick) for HAL_IncTick
    delay.o(i.SysTick_Handler) refers to tasks.o(i.xTaskGetSchedulerState) for xTaskGetSchedulerState
    delay.o(i.SysTick_Handler) refers to port.o(i.xPortSysTickHandler) for xPortSysTickHandler
    delay.o(i.delay_init) refers to stm32f1xx_hal_cortex.o(i.HAL_SYSTICK_CLKSourceConfig) for HAL_SYSTICK_CLKSourceConfig
    delay.o(i.delay_init) refers to delay.o(.data) for g_fac_us
    delay.o(i.delay_ms) refers to delay.o(i.delay_us) for delay_us
    delay.o(i.delay_us) refers to delay.o(.data) for g_fac_us
    sys.o(i.sys_stm32_clock_init) refers to rt_memclr_w.o(.text) for __aeabi_memclr4
[...]
    prvCheckForValidListAndQueue             0x080056bd   Thumb Code    72  timers.o(i.prvCheckForValidListAndQueue)
    i.prvCheckTasksWaitingTermination        0x08005720   Section        0  tasks.o(i.prvCheckTasksWaitingTermination)
    prvCheckTasksWaitingTermination          0x08005721   Thumb Code    60  tasks.o(i.prvCheckTasksWaitingTermination)
    i.prvCopyDataFromQueue                   0x08005768   Section        0  queue.o(i.prvCopyDataFromQueue)
    prvCopyDataFromQueue                     0x08005769   Thumb Code    42  queue.o(i.prvCopyDataFromQueue)
    i.prvCopyDataToQueue                     0x08005792   Section        0  queue.o(i.prvCopyDataToQueue)
    prvCopyDataToQueue                       0x08005793   Thumb Code   126  queue.o(i.prvCopyDataToQueue)
    i.prvCreateIdleTasks                     0x08005810   Section        0  tasks.o(i.prvCreateIdleTasks)
    prvCreateIdleTasks                       0x08005811   Thumb Code    86  tasks.o(i.prvCreateIdleTasks)
    i.prvCreateTask                          0x08005878   Section        0  tasks.o(i.prvCreateTask)
    prvCreateTask                            0x08005879   Thumb Code    90  tasks.o(i.prvCreateTask)
    i.prvDeleteTCB                           0x080058d2   Section        0  tasks.o(i.prvDeleteTCB)
    prvDeleteTCB                             0x080058d3   Thumb Code    18  tasks.o(i.prvDeleteTCB)
    i.prvGetNextExpireTime                   0x080058e4   Section        0  timers.o(i.prvGetNextExpireTime)
    prvGetNextExpireTime                     0x080058e5   Thumb Code    36  timers.o(i.prvGetNextExpireTime)
    i.prvHeapInit                            0x0800590c   Section        0  heap_4.o(i.prvHeapInit)
    prvHeapInit                              0x0800590d   Thumb Code    88  heap_4.o(i.prvHeapInit)
    i.prvIdleTask                            0x08005978   Section        0  tasks.o(i.prvIdleTask)
    prvIdleTask                              0x08005979   Thumb Code    32  tasks.o(i.prvIdleTask)
    i.prvInitialiseNewQueue                  0x080059a0   Section        0  queue.o(i.prvInitialiseNewQueue)
    prvInitialiseNewQueue                    0x080059a1   Thumb Code    46  queue.o(i.prvInitialiseNewQueue)
    i.prvInitialiseNewTask                   0x080059d0   Section        0  tasks.o(i.prvInitialiseNewTask)
    prvInitialiseNewTask                     0x080059d1   Thumb Code   184  tasks.o(i.prvInitialiseNewTask)
    i.prvInitialiseTaskLists                 0x08005abc   Section        0  tasks.o(i.prvInitialiseTaskLists)
    prvInitialiseTaskLists                   0x08005abd   Thumb Code    70  tasks.o(i.prvInitialiseTaskLists)
    i.prvInsertBlockIntoFreeList             0x08005b24   Section        0  heap_4.o(i.prvInsertBlockIntoFreeList)
    prvInsertBlockIntoFreeList               0x08005b25   Thumb Code   134  heap_4.o(i.prvInsertBlockIntoFreeList)
    i.prvInsertTimerInActiveList             0x08005c04   Section        0  timers.o(i.prvInsertTimerInActiveList)
    prvInsertTimerInActiveList               0x08005c05   Thumb Code    80  timers.o(i.prvInsertTimerInActiveList)
    i.prvIsQueueEmpty                        0x08005c5c   Section        0  queue.o(i.prvIsQueueEmpty)
    prvIsQueueEmpty                          0x08005c5d   Thumb Code    26  queue.o(i.prvIsQueueEmpty)
    i.prvNotifyQueueSetContainer             0x08005c78   Section        0  queue.o(i.prvNotifyQueueSetContainer)
    prvNotifyQueueSetContainer               0x08005c79   Thumb Code   156  queue.o(i.prvNotifyQueueSetContainer)
    i.prvProcessExpiredTimer                 0x08005d48   Section        0  timers.o(i.prvProcessExpiredTimer)
    prvProcessExpiredTimer                   0x08005d49   Thumb Code    62  timers.o(i.prvProcessExpiredTimer)
    i.prvProcessReceivedCommands             0x08005d8c   Section        0  timers.o(i.prvProcessReceivedCommands)
    prvProcessReceivedCommands               0x08005d8d   Thumb Code   316  timers.o(i.prvProcessReceivedCommands)
    i.prvProcessTimerOrBlockTask             0x08005f00   Section        0  timers.o(i.prvProcessTimerOrBlockTask)
    prvProcessTimerOrBlockTask               0x08005f01   Thumb Code   102  timers.o(i.prvProcessTimerOrBlockTask)
    i.prvReloadTimer                         0x08005f74   Section        0  timers.o(i.prvReloadTimer)
    prvReloadTimer                           0x08005f75   Thumb Code    40  timers.o(i.prvReloadTimer)
    i.prvResetNextTaskUnblockTime            0x08005f9c   Section        0  tasks.o(i.prvResetNextTaskUnblockTime)
    prvResetNextTaskUnblockTime              0x08005f9d   Thumb Code    40  tasks.o(i.prvResetNextTaskUnblockTime)
    i.prvSampleTimeNow                       0x08005fcc   Section        0  timers.o(i.prvSampleTimeNow)
    prvSampleTimeNow                         0x08005fcd   Thumb Code    40  timers.o(i.prvSampleTimeNow)
    i.prvSwitchTimerLists                    0x08005ff8   Section        0  timers.o(i.prvSwitchTimerLists)
    prvSwitchTimerLists                      0x08005ff9   Thumb Code    58  timers.o(i.prvSwitchTimerLists)
    i.prvTaskExitError                       0x0800603c   Section        0  port.o(i.prvTaskExitError)
    prvTaskExitError                         0x0800603d   Thumb Code    48  port.o(i.prvTaskExitError)
    i.prvTimerTask                           0x080060b8   Section        0  timers.o(i.prvTimerTask)
    prvTimerTask                             0x080060b9   Thumb Code    26  timers.o(i.prvTimerTask)
    i.prvUnlockQueue                         0x080060d2   Section        0  queue.o(i.prvUnlockQueue)
    prvUnlockQueue                           0x080060d3   Thumb Code   144  queue.o(i.prvUnlockQueue)
    i.pvPortMalloc                           0x08006164   Section        0  heap_4.o(i.pvPortMalloc)
    i.pxPortInitialiseStack                  0x08006364   Section        0  port.o(i.pxPortInitialiseStack)
    i.start_task                             0x08006388   Section        0  freertos_demo.o(i.start_task)
    i.sys_stm32_clock_init                   0x080063ec   Section        0  sys.o(i.sys_stm32_clock_init)
    i.task1                                  0x08006454   Section        0  freertos_demo.o(i.task1)
    i.task2                                  0x08006474   Section        0  freertos_demo.o(i.task2)
    i.usart_init                             0x08006490   Section        0  usart.o(i.usart_init)
    i.uxListRemove                           0x080064c8   Section        0  list.o(i.uxListRemove)
    i.uxTaskGetNumberOfTasks                 0x080064f0   Section        0  tasks.o(i.uxTaskGetNumberOfTasks)
    i.vListInitialise                        0x080064fc   Section        0  list.o(i.vListInitialise)
    i.vListInitialiseItem                    0x08006516   Section        0  list.o(i.vListInitialiseItem)
    i.vListInsert                            0x0800651c   Section        0  list.o(i.vListInsert)
    i.vListInsertEnd                         0x08006550   Section        0  list.o(i.vListInsertEnd)
    i.vPortEnterCritical                     0x08006568   Section        0  port.o(i.vPortEnterCritical)
    i.vPortExitCritical                      0x080065fc   Section        0  port.o(i.vPortExitCritical)
    i.vPortFree                              0x08006678   Section        0  heap_4.o(i.vPortFree)
    i.vPortSetupTimerInterrupt               0x08006760   Section        0  port.o(i.vPortSetupTimerInterrupt)
    i.vQueueAddToRegistry                    0x08006788   Section        0  queue.o(i.vQueueAddToRegistry)
    i.vQueueWaitForMessageRestricted         0x08006814   Section        0  queue.o(i.vQueueWaitForMessageRestricted)
    i.vTaskDelay                             0x08006860   Section        0  tasks.o(i.vTaskDelay)
    i.vTaskDelete                            0x080068e4   Section        0  tasks.o(i.vTaskDelete)
    i.vTaskInternalSetTimeOutState           0x08006a20   Section        0  tasks.o(i.vTaskInternalSetTimeOutState)
    i.vTaskMissedYield                       0x08006a38   Section        0  tasks.o(i.vTaskMissedYield)
    i.vTaskPlaceOnEventList                  0x08006a44   Section        0  tasks.o(i.vTaskPlaceOnEventList)
    i.vTaskPlaceOnEventListRestricted        0x08006aa8   Section        0  tasks.o(i.vTaskPlaceOnEventListRestricted)
    i.vTaskStartScheduler                    0x08006b38   Section        0  tasks.o(i.vTaskStartScheduler)
    i.vTaskSuspendAll                        0x08006bdc   Section        0  tasks.o(i.vTaskSuspendAll)
    i.vTaskSwitchContext                     0x08006bec   Section        0  tasks.o(i.vTaskSwitchContext)
    i.xPortStartScheduler                    0x08006cac   Section        0  port.o(i.xPortStartScheduler)
    i.xPortSysTickHandler                    0x08006dd8   Section        0  port.o(i.xPortSysTickHandler)
    i.xQueueGenericCreate                    0x08006e0c   Section        0  queue.o(i.xQueueGenericCreate)
    i.xQueueGenericReset                     0x08006e9c   Section        0  queue.o(i.xQueueGenericReset)
    i.xQueueReceive                          0x08006f98   Section        0  queue.o(i.xQueueReceive)
    i.xTaskCheckForTimeOut                   0x08007118   Section        0  tasks.o(i.xTaskCheckForTimeOut)
    i.xTaskCreate                            0x080071e4   Section        0  tasks.o(i.xTaskCreate)
    i.xTaskGetSchedulerState                 0x0800721c   Section        0  tasks.o(i.xTaskGetSchedulerState)
    i.xTaskGetTickCount                      0x0800723c   Section        0  tasks.o(i.xTaskGetTickCount)
    i.xTaskIncrementTick                     0x08007248   Section        0  tasks.o(i.xTaskIncrementTick)
    i.xTaskPriorityDisinherit                0x08007440   Section        0  tasks.o(i.xTaskPriorityDisinherit)
    i.xTaskRemoveFromEventList               0x08007558   Section        0  tasks.o(i.xTaskRemoveFromEventList)
    i.xTaskResumeAll                         0x080076b4   Section        0  tasks.o(i.xTaskResumeAll)
    i.xTimerCreateTimerTask                  0x08007880   Section        0  timers.o(i.xTimerCreateTimerTask)
    x$fpl$dfixu                              0x08007900   Section       90  dfixu.o(x$fpl$dfixu)
    x$fpl$dfltu                              0x0800795a   Section       38  dflt_clz.o(x$fpl$dfltu)
    x$fpl$dmul                               0x08007980   Section      340  dmul.o(x$fpl$dmul)
    x$fpl$dnaninf                            0x08007ad4   Section      156  dnaninf.o(x$fpl$dnaninf)
    x$fpl$dretinf                            0x08007b70   Section       12  dretinf.o(x$fpl$dretinf)
    .constdata                               0x08007b7c   Section       24  system_stm32f1xx.o(.constdata)
    x$fpl$usenofp                            0x08007b7c   Section        0  usenofp.o(x$fpl$usenofp)
    .constdata                               0x08007b94   Section       24  malloc.o(.constdata)
    .constdata                               0x08007bac   Section       40  _printf_hex_int.o(.constdata)
    uc_hextab                                0x08007bac   Data          20  _printf_hex_int.o(.constdata)
    lc_hextab                                0x08007bc0   Data          20  _printf_hex_int.o(.constdata)
    .data                                    0x20000000   Section        4  system_stm32f1xx.o(.data)
    .data                                    0x20000004   Section       34  freertos_demo.o(.data)
    .data                                    0x20000028   Section        4  delay.o(.data)
    g_fac_us                                 0x20000028   Data           4  delay.o(.data)
    .data                                    0x2000002c   Section        7  usart.o(.data)
    .data                                    0x20000034   Section        9  stm32f1xx_hal.o(.data)
    .data                                    0x20000040   Section       28  malloc.o(.data)
    .data                                    0x2000005c   Section       64  tasks.o(.data)
    pxDelayedTaskList                        0x20000060   Data           4  tasks.o(.data)
    pxOverflowDelayedTaskList                0x20000064   Data           4  tasks.o(.data)
    uxDeletedTasksWaitingCleanUp             0x20000068   Data           4  tasks.o(.data)
    uxCurrentNumberOfTasks                   0x2000006c   Data           4  tasks.o(.data)
    xTickCount                               0x20000070   Data           4  tasks.o(.data)
    uxTopReadyPriority                       0x20000074   Data           4  tasks.o(.data)
    xSchedulerRunning                        0x20000078   Data           4  tasks.o(.data)
    xPendedTicks                             0x2000007c   Data           4  tasks.o(.data)
    xYieldPendings                           0x20000080   Data           4  tasks.o(.data)
    xNumOfOverflows                          0x20000084   Data           4  tasks.o(.data)
    uxTaskNumber                             0x20000088   Data           4  tasks.o(.data)
    xNextTaskUnblockTime                     0x2000008c   Data           4  tasks.o(.data)
    xIdleTaskHandles                         0x20000090   Data           4  tasks.o(.data)
    uxTopUsedPriority                        0x20000094   Data           4  tasks.o(.data)
    uxSchedulerSuspended                     0x20000098   Data           4  tasks.o(.data)
    .data                                    0x2000009c   Section       20  timers.o(.data)
    pxCurrentTimerList                       0x2000009c   Data           4  timers.o(.data)
    pxOverflowTimerList                      0x200000a0   Data           4  timers.o(.data)
    xTimerQueue                              0x200000a4   Data           4  timers.o(.data)
    xTimerTaskHandle                         0x200000a8   Data           4  timers.o(.data)
    xLastTime                                0x200000ac   Data           4  timers.o(.data)
    .data                                    0x200000b0   Section       28  heap_4.o(.data)
    xStart                                   0x200000b0   Data           8  heap_4.o(.data)
    pxEnd                                    0x200000b8   Data           4  heap_4.o(.data)
    xFreeBytesRemaining                      0x200000bc   Data           4  heap_4.o(.data)
    xMinimumEverFreeBytesRemaining           0x200000c0   Data           4  heap_4.o(.data)
    xNumberOfSuccessfulAllocations           0x200000c4   Data           4  heap_4.o(.data)
    xNumberOfSuccessfulFrees                 0x200000c8   Data           4  heap_4.o(.data)
    .data                                    0x200000cc   Section       12  port.o(.data)
    uxCriticalNesting                        0x200000cc   Data           4  port.o(.data)
    ucMaxSysCallPriority                     0x200000d0   Data           1  port.o(.data)
    ulMaxPRIGROUPValue                       0x200000d4   Data           4  port.o(.data)
    .bss                                     0x200000d8   Section      264  usart.o(.bss)
    .bss                                     0x200001e0   Section       86  lcd.o(.bss)
    .bss                                     0x20000238   Section       72  btim.o(.bss)
    .bss                                     0x20000280   Section    43520  malloc.o(.bss)
    mem1base                                 0x20000280   Data       40960  malloc.o(.bss)
    mem1mapbase                              0x2000a280   Data        2560  malloc.o(.bss)
    .bss                                     0x2000ac80   Section       64  queue.o(.bss)
    .bss                                     0x2000acc0   Section      740  tasks.o(.bss)
    pxReadyTasksLists                        0x2000acc0   Data         640  tasks.o(.bss)
    xDelayedTaskList1                        0x2000af40   Data          20  tasks.o(.bss)
    xDelayedTaskList2                        0x2000af54   Data          20  tasks.o(.bss)
    xPendingReadyList                        0x2000af68   Data          20  tasks.o(.bss)
    xTasksWaitingTermination                 0x2000af7c   Data          20  tasks.o(.bss)
    xSuspendedTaskList                       0x2000af90   Data          20  tasks.o(.bss)
    .bss                                     0x2000afa4   Section       40  timers.o(.bss)
    xActiveTimerList1                        0x2000afa4   Data          20  timers.o(.bss)
    xActiveTimerList2                        0x2000afb8   Data          20  timers.o(.bss)
    .bss                                     0x2000afcc   Section    10240  heap_4.o(.bss)
    ucHeap                                   0x2000afcc   Data       10240  heap_4.o(.bss)
    .bss                                     0x2000d7cc   Section       96  libspace.o(.bss)
    HEAP                                     0x2000d830   Section      512  startup_stm32f103xe.o(HEAP)
    Heap_Mem                                 0x2000d830   Data         512  startup_stm32f103xe.o(HEAP)
    STACK                                    0x2000da30   Section     1024  startup_stm32f103xe.o(STACK)
    Stack_Mem                                0x2000da30   Data        1024  startup_stm32f103xe.o(STACK)
    __initial_sp                             0x2000de30   Data           0  startup_stm32f103xe.o(STACK)
    .ARM.__AT_0x68000000                     0x68000000   Section       32  malloc.o(.ARM.__AT_0x68000000)
    mem2base                                 0x68000000   Data          32  malloc.o(.ARM.__AT_0x68000000)
    .ARM.__AT_0x68000020                     0x68000020   Section        2  malloc.o(.ARM.__AT_0x68000020)
    mem2mapbase                              0x68000020   Data           2  malloc.o(.ARM.__AT_0x68000020)

    Global Symbols

    Symbol Name                              Value     Ov Type        Size  Object(Section)

    BuildAttributes$$THM_ISAv4$P$D$K$B$S$PE$A:L22UL41UL21$X:L11$S22US41US21$IEEE1$IW$USESV6$~STKCKD$USESV7$~SHL$OSPACE$ROPI$EBA8$UX$STANDARDLIB$REQ8$PRES8$EABIv2 0x00000000   Number         0  anon$$obj.o ABSOLUTE
    __ARM_use_no_argv                        0x00000000   Number         0  main.o ABSOLUTE
    _printf_flags                            0x00000000   Number         0  printf_stubs.o ABSOLUTE
    _printf_return_value                     0x00000000   Number         0  printf_stubs.o ABSOLUTE
    _printf_sizespec                         0x00000000   Number         0  printf_stubs.o ABSOLUTE
    _printf_widthprec                        0x00000000   Number         0  printf_stubs.o ABSOLUTE
    __ARM_exceptions_init                     - Undefined Weak Reference
    __alloca_initialize                       - Undefined Weak Reference
    __arm_fini_                               - Undefined Weak Reference
    __arm_preinit_                            - Undefined Weak Reference
    __cpp_initialize__aeabi_                  - Undefined Weak Reference
    __cxa_finalize                            - Undefined Weak Reference
    __rt_locale                               - Undefined Weak Reference
    __sigvec_lookup                           - Undefined Weak Reference
    _atexit_init                              - Undefined Weak Reference
    _call_atexit_fns                          - Undefined Weak Reference
    _clock_init                               - Undefined Weak Reference
    _fp_trap_init                             - Undefined Weak Reference
    _fp_trap_shutdown                         - Undefined Weak Reference
    _get_lc_collate                           - Undefined Weak Reference
    _get_lc_ctype                             - Undefined Weak Reference
    _get_lc_monetary                          - Undefined Weak Reference
    _get_lc_numeric                           - Undefined Weak Reference
    _get_lc_time                              - Undefined Weak Reference
    _getenv_init                              - Undefined Weak Reference
    _handle_redirection                       - Undefined Weak Reference
    _init_alloc                               - Undefined Weak Reference
    _init_user_alloc                          - Undefined Weak Reference
    _initio                                   - Undefined Weak Reference
    _mutex_acquire                            - Undefined Weak Reference
    _mutex_release                            - Undefined Weak Reference
    _printf_mbtowc                            - Undefined Weak Reference
    _printf_post_padding                      - Undefined Weak Reference
    _printf_pre_padding                       - Undefined Weak Reference
    _printf_truncate_signed                   - Undefined Weak Reference
    _printf_truncate_unsigned                 - Undefined Weak Reference
    _rand_init                                - Undefined Weak Reference
    _signal_finish                            - Undefined Weak Reference
    _signal_init                              - Undefined Weak Reference
    _terminate_alloc                          - Undefined Weak Reference
    _terminate_user_alloc                     - Undefined Weak Reference
    _terminateio                              - Undefined Weak Reference
    __Vectors_Size                           0x00000130   Number         0  startup_stm32f103xe.o ABSOLUTE
    __Vectors                                0x08000000   Data           4  startup_stm32f103xe.o(RESET)
    __Vectors_End                            0x08000130   Data           0  startup_stm32f103xe.o(RESET)
    __main                                   0x08000131   Thumb Code     8  __main.o(!!!main)
    __scatterload                            0x08000139   Thumb Code     0  __scatter.o(!!!scatter)
    __scatterload_rt2                        0x08000139   Thumb Code    44  __scatter.o(!!!scatter)
    __scatterload_rt2_thumb_only             0x08000139   Thumb Code     0  __scatter.o(!!!scatter)
    __scatterload_null                       0x08000147   Thumb Code     0  __scatter.o(!!!scatter)
    __scatterload_copy                       0x0800016d   Thumb Code    26  __scatter_copy.o(!!handler_copy)
    __scatterload_zeroinit                   0x08000189   Thumb Code    28  __scatter_zi.o(!!handler_zi)
    _printf_d                                0x080001a5   Thumb Code     0  _printf_d.o(.ARM.Collect$$_printf_percent$$00000009)
    _printf_percent                          0x080001a5   Thumb Code     0  _printf_percent.o(.ARM.Collect$$_printf_percent$$00000000)
    _printf_x                                0x080001ab   Thumb Code     0  _printf_x.o(.ARM.Collect$$_printf_percent$$0000000C)
    _printf_s                                0x080001b1   Thumb Code     0  _printf_s.o(.ARM.Collect$$_printf_percent$$00000014)
    _printf_percent_end                      0x080001b7   Thumb Code     0  _printf_percent_end.o(.ARM.Collect$$_printf_percent$$00000017)
    __rt_lib_init                            0x080001bb   Thumb Code     0  libinit.o(.ARM.Collect$$libinit$$00000000)
    __rt_lib_init_alloca_1                   0x080001bd   Thumb Code     0  libinit2.o(.ARM.Collect$$libinit$$0000002E)
    __rt_lib_init_argv_1                     0x080001bd   Thumb Code     0  libinit2.o(.ARM.Collect$$libinit$$0000002C)
    __rt_lib_init_atexit_1                   0x080001bd   Thumb Code     0  libinit2.o(.ARM.Collect$$libinit$$0000001B)
    __rt_lib_init_clock_1                    0x080001bd   Thumb Code     0  libinit2.o(.ARM.Collect$$libinit$$00000021)
    __rt_lib_init_cpp_1                      0x080001bd   Thumb Code     0  libinit2.o(.ARM.Collect$$libinit$$00000032)
    __rt_lib_init_exceptions_1               0x080001bd   Thumb Code     0  libinit2.o(.ARM.Collect$$libinit$$00000030)
    __rt_lib_init_fp_1                       0x080001bd   Thumb Code     0  libinit2.o(.ARM.Collect$$libinit$$00000002)
    __rt_lib_init_fp_trap_1                  0x080001bd   Thumb Code     0  libinit2.o(.ARM.Collect$$libinit$$0000001F)
    __rt_lib_init_getenv_1                   0x080001bd   Thumb Code     0  libinit2.o(.ARM.Collect$$libinit$$00000023)
    __rt_lib_init_heap_1                     0x080001bd   Thumb Code     0  libinit2.o(.ARM.Collect$$libinit$$0000000A)
    __rt_lib_init_lc_collate_1               0x080001bd   Thumb Code     0  libinit2.o(.ARM.Collect$$libinit$$00000011)
    __rt_lib_init_lc_ctype_1                 0x080001bd   Thumb Code     0  libinit2.o(.ARM.Collect$$libinit$$00000013)
    __rt_lib_init_lc_monetary_1              0x080001bd   Thumb Code     0  libinit2.o(.ARM.Collect$$libinit$$00000015)
    __rt_lib_init_lc_numeric_1               0x080001bd   Thumb Code     0  libinit2.o(.ARM.Collect$$libinit$$00000017)
    __rt_lib_init_lc_time_1                  0x080001bd   Thumb Code     0  libinit2.o(.ARM.Collect$$libinit$$00000019)
    __rt_lib_init_preinit_1                  0x080001bd   Thumb Code     0  libinit2.o(.ARM.Collect$$libinit$$00000004)
    __rt_lib_init_rand_1                     0x080001bd   Thumb Code     0  libinit2.o(.ARM.Collect$$libinit$$0000000E)
    __rt_lib_init_return                     0x080001bd   Thumb Code     0  libinit2.o(.ARM.Collect$$libinit$$00000033)
    __rt_lib_init_signal_1                   0x080001bd   Thumb Code     0  libinit2.o(.ARM.Collect$$libinit$$0000001D)
    __rt_lib_init_stdio_1                    0x080001bd   Thumb Code     0  libinit2.o(.ARM.Collect$$libinit$$00000025)
    __rt_lib_init_user_alloc_1               0x080001bd   Thumb Code     0  libinit2.o(.ARM.Collect$$libinit$$0000000C)
    __rt_lib_shutdown                        0x080001bf   Thumb Code     0  libshutdown.o(.ARM.Collect$$libshutdown$$00000000)
    __rt_lib_shutdown_cpp_1                  0x080001c1   Thumb Code     0  libshutdown2.o(.ARM.Collect$$libshutdown$$00000004)
    __rt_lib_shutdown_fini_1                 0x080001c1   Thumb Code     0  libshutdown2.o(.ARM.Collect$$libshutdown$$00000002)
    __rt_lib_shutdown_fp_trap_1              0x080001c1   Thumb Code     0  libshutdown2.o(.ARM.Collect$$libshutdown$$00000009)
    __rt_lib_shutdown_heap_1                 0x080001c1   Thumb Code     0  libshutdown2.o(.ARM.Collect$$libshutdown$$00000011)
    __rt_lib_shutdown_return                 0x080001c1   Thumb Code     0  libshutdown2.o(.ARM.Collect$$libshutdown$$00000012)
    __rt_lib_shutdown_signal_1               0x080001c1   Thumb Code     0  libshutdown2.o(.ARM.Collect$$libshutdown$$0000000C)
    __rt_lib_shutdown_stdio_1                0x080001c1   Thumb Code     0  libshutdown2.o(.ARM.Collect$$libshutdown$$00000006)
    __rt_lib_shutdown_user_alloc_1           0x080001c1   Thumb Code     0  libshutdown2.o(.ARM.Collect$$libshutdown$$0000000E)
    __rt_entry                               0x080001c3   Thumb Code     0  __rtentry.o(.ARM.Collect$$rtentry$$00000000)
    __rt_entry_presh_1                       0x080001c3   Thumb Code     0  __rtentry2.o(.ARM.Collect$$rtentry$$00000002)
    __rt_entry_sh                            0x080001c3   Thumb Code     0  __rtentry4.o(.ARM.Collect$$rtentry$$00000004)
    __rt_entry_li                            0x080001c9   Thumb Code     0  __rtentry2.o(.ARM.Collect$$rtentry$$0000000A)
    __rt_entry_postsh_1                      0x080001c9   Thumb Code     0  __rtentry2.o(.ARM.Collect$$rtentry$$00000009)
    __rt_entry_main                          0x080001cd   Thumb Code     0  __rtentry2.o(.ARM.Collect$$rtentry$$0000000D)
    __rt_entry_postli_1                      0x080001cd   Thumb Code     0  __rtentry2.o(.ARM.Collect$$rtentry$$0000000C)
    __rt_exit                                0x080001d5   Thumb Code     0  rtexit.o(.ARM.Collect$$rtexit$$00000000)
    __rt_exit_ls                             0x080001d7   Thumb Code     0  rtexit2.o(.ARM.Collect$$rtexit$$00000003)
    __rt_exit_prels_1                        0x080001d7   Thumb Code     0  rtexit2.o(.ARM.Collect$$rtexit$$00000002)
    __rt_exit_exit                           0x080001db   Thumb Code     0  rtexit2.o(.ARM.Collect$$rtexit$$00000004)
    SVC_Handler                              0x080001e1   Thumb Code    32  port.o(.emb_text)
    __asm___6_port_c_39a90d8d__prvStartFirstTask 0x08000205   Thumb Code    28  port.o(.emb_text)
    PendSV_Handler                           0x08000225   Thumb Code    72  port.o(.emb_text)
    vPortGetIPSR                             0x08000271   Thumb Code     6  port.o(.emb_text)
    Reset_Handler                            0x08000279   Thumb Code     8  startup_stm32f103xe.o(.text)
    ADC1_2_IRQHandler                        0x08000293   Thumb Code     0  startup_stm32f103xe.o(.text)
    ADC3_IRQHandler                          0x08000293   Thumb Code     0  startup_stm32f103xe.o(.text)
    CAN1_RX1_IRQHandler                      0x08000293   Thumb Code     0  startup_stm32f103xe.o(.text)
    CAN1_SCE_IRQHandler                      0x08000293   Thumb Code     0  startup_stm32f103xe.o(.text)
    DMA1_Channel1_IRQHandler                 0x08000293   Thumb Code     0  startup_stm32f103xe.o(.text)
    DMA1_Channel2_IRQHandler                 0x08000293   Thumb Code     0  startup_stm32f103xe.o(.text)
    DMA1_Channel3_IRQHandler                 0x08000293   Thumb Code     0  startup_stm32f103xe.o(.text)
    DMA1_Channel4_IRQHandler                 0x08000293   Thumb Code     0  startup_stm32f103xe.o(.text)
    DMA1_Channel5_IRQHandler                 0x08000293   Thumb Code     0  startup_stm32f103xe.o(.text)
    DMA1_Channel6_IRQHandler                 0x08000293   Thumb Code     0  startup_stm32f103xe.o(.text)
    DMA1_Channel7_IRQHandler                 0x08000293   Thumb Code     0  startup_stm32f103xe.o(.text)
    DMA2_Channel1_IRQHandler                 0x08000293   Thumb Code     0  startup_stm32f103xe.o(.text)
    DMA2_Channel2_IRQHandler                 0x08000293   Thumb Code     0  startup_stm32f103xe.o(.text)
    DMA2_Channel3_IRQHandler                 0x08000293   Thumb Code     0  startup_stm32f103xe.o(.text)
    DMA2_Channel4_5_IRQHandler               0x08000293   Thumb Code     0  startup_stm32f103xe.o(.text)
    EXTI0_IRQHandler                         0x08000293   Thumb Code     0  startup_stm32f103xe.o(.text)
    EXTI15_10_IRQHandler                     0x08000293   Thumb Code     0  startup_stm32f103xe.o(.text)
    EXTI1_IRQHandler                         0x08000293   Thumb Code     0  startup_stm32f103xe.o(.text)
    EXTI2_IRQHandler                         0x08000293   Thumb Code     0  startup_stm32f103xe.o(.text)
    EXTI3_IRQHandler                         0x08000293   Thumb Code     0  startup_stm32f103xe.o(.text)
    EXTI4_IRQHandler                         0x08000293   Thumb Code     0  startup_stm32f103xe.o(.text)
    EXTI9_5_IRQHandler                       0x08000293   Thumb Code     0  startup_stm32f103xe.o(.text)
    FLASH_IRQHandler                         0x08000293   Thumb Code     0  startup_stm32f103xe.o(.text)
    FSMC_IRQHandler                          0x08000293   Thumb Code     0  startup_stm32f103xe.o(.text)
    I2C1_ER_IRQHandler                       0x08000293   Thumb Code     0  startup_stm32f103xe.o(.text)
    I2C1_EV_IRQHandler                       0x08000293   Thumb Code     0  startup_stm32f103xe.o(.text)
    I2C2_ER_IRQHandler                       0x08000293   Thumb Code     0  startup_stm32f103xe.o(.text)
    I2C2_EV_IRQHandler                       0x08000293   Thumb Code     0  startup_stm32f103xe.o(.text)
    PVD_IRQHandler                           0x08000293   Thumb Code     0  startup_stm32f103xe.o(.text)
    RCC_IRQHandler                           0x08000293   Thumb Code     0  startup_stm32f103xe.o(.text)
    RTC_Alarm_IRQHandler                     0x08000293   Thumb Code     0  startup_stm32f103xe.o(.text)
    RTC_IRQHandler                           0x08000293   Thumb Code     0  startup_stm32f103xe.o(.text)
    SDIO_IRQHandler                          0x08000293   Thumb Code     0  startup_stm32f103xe.o(.text)
    SPI1_IRQHandler                          0x08000293   Thumb Code     0  startup_stm32f103xe.o(.text)
    SPI2_IRQHandler                          0x08000293   Thumb Code     0  startup_stm32f103xe.o(.text)
    SPI3_IRQHandler                          0x08000293   Thumb Code     0  startup_stm32f103xe.o(.text)
    TAMPER_IRQHandler                        0x08000293   Thumb Code     0  startup_stm32f103xe.o(.text)
    TIM1_BRK_IRQHandler                      0x08000293   Thumb Code     0  startup_stm32f103xe.o(.text)
    TIM1_CC_IRQHandler                       0x08000293   Thumb Code     0  startup_stm32f103xe.o(.text)
    TIM1_TRG_COM_IRQHandler                  0x08000293   Thumb Code     0  startup_stm32f103xe.o(.text)
    TIM1_UP_IRQHandler                       0x08000293   Thumb Code     0  startup_stm32f103xe.o(.text)
    TIM2_IRQHandler                          0x08000293   Thumb Code     0  startup_stm32f103xe.o(.text)
    TIM3_IRQHandler                          0x08000293   Thumb Code     0  startup_stm32f103xe.o(.text)
    TIM4_IRQHandler                          0x08000293   Thumb Code     0  startup_stm32f103xe.o(.text)
    TIM5_IRQHandler                          0x08000293   Thumb Code     0  startup_stm32f103xe.o(.text)
    TIM7_IRQHandler                          0x08000293   Thumb Code     0  startup_stm32f103xe.o(.text)
    TIM8_BRK_IRQHandler                      0x08000293   Thumb Code     0  startup_stm32f103xe.o(.text)
    TIM8_CC_IRQHandler                       0x08000293   Thumb Code     0  startup_stm32f103xe.o(.text)
    TIM8_TRG_COM_IRQHandler                  0x08000293   Thumb Code     0  startup_stm32f103xe.o(.text)
    TIM8_UP_IRQHandler                       0x08000293   Thumb Code     0  startup_stm32f103xe.o(.text)
    UART4_IRQHandler                         0x08000293   Thumb Code     0  startup_stm32f103xe.o(.text)
    UART5_IRQHandler                         0x08000293   Thumb Code     0  startup_stm32f103xe.o(.text)
    USART2_IRQHandler                        0x08000293   Thumb Code     0  startup_stm32f103xe.o(.text)
    USART3_IRQHandler                        0x08000293   Thumb Code     0  startup_stm32f103xe.o(.text)
    USBWakeUp_IRQHandler                     0x08000293   Thumb Code     0  startup_stm32f103xe.o(.text)
    USB_HP_CAN1_TX_IRQHandler                0x08000293   Thumb Code     0  startup_stm32f103xe.o(.text)
    USB_LP_CAN1_RX0_IRQHandler               0x08000293   Thumb Code     0  startup_stm32f103xe.o(.text)
    WWDG_IRQHandler                          0x08000293   Thumb Code     0  startup_stm32f103xe.o(.text)
    __user_initial_stackheap                 0x08000295   Thumb Code     0  startup_stm32f103xe.o(.text)
    __use_no_semihosting                     0x080002b9   Thumb Code     2  use_no_semi_2.o(.text)
    __2printf                                0x080002bd   Thumb Code    20  __2printf.o(.text)
    __printf                                 0x080002d5   Thumb Code   104  __printf.o(.text)
    _printf_str                              0x0800033d   Thumb Code    82  _printf_str.o(.text)
    _printf_int_dec                          0x08000391   Thumb Code   104  _printf_dec.o(.text)
    _printf_int_hex                          0x08000409   Thumb Code    84  _printf_hex_int.o(.text)
    _printf_longlong_hex                     0x08000409   Thumb Code     0  _printf_hex_int.o(.text)
    __aeabi_memcpy                           0x08000461   Thumb Code     0  rt_memcpy_v6.o(.text)
    __rt_memcpy                              0x08000461   Thumb Code   138  rt_memcpy_v6.o(.text)
    _memcpy_lastbytes                        0x080004c7   Thumb Code     0  rt_memcpy_v6.o(.text)
    __aeabi_memset                           0x080004eb   Thumb Code    16  aeabi_memset.o(.text)
    __aeabi_memclr                           0x080004fb   Thumb Code     0  rt_memclr.o(.text)
    __rt_memclr                              0x080004fb   Thumb Code    68  rt_memclr.o(.text)
    _memset                                  0x080004ff   Thumb Code     0  rt_memclr.o(.text)
    __aeabi_memclr4                          0x0800053f   Thumb Code     0  rt_memclr_w.o(.text)
    __aeabi_memclr8                          0x0800053f   Thumb Code     0  rt_memclr_w.o(.text)
    __rt_memclr_w                            0x0800053f   Thumb Code    78  rt_memclr_w.o(.text)
    _memset_w                                0x08000543   Thumb Code     0  rt_memclr_w.o(.text)
    __use_two_region_memory                  0x0800058d   Thumb Code     2  heapauxi.o(.text)
    __rt_heap_escrow$2region                 0x0800058f   Thumb Code     2  heapauxi.o(.text)
    __rt_heap_expand$2region                 0x08000591   Thumb Code     2  heapauxi.o(.text)
    __semihosting$guard                      0x08000593   Thumb Code     0  use_no_semi.o(.text)
    __use_no_semihosting_swi                 0x08000593   Thumb Code     2  use_no_semi.o(.text)
    _printf_int_common                       0x08000595   Thumb Code   178  _printf_intcommon.o(.text)
    _printf_char_common                      0x08000653   Thumb Code    32  _printf_char_common.o(.text)
    _printf_cs_common                        0x08000679   Thumb Code    20  _printf_char.o(.text)
    _printf_char                             0x0800068d   Thumb Code    16  _printf_char.o(.text)
    _printf_string                           0x0800069d   Thumb Code     8  _printf_char.o(.text)
    _printf_char_file                        0x080006a5   Thumb Code    32  _printf_char_file.o(.text)
    __aeabi_memcpy4                          0x080006c9   Thumb Code     0  rt_memcpy_w.o(.text)
    __aeabi_memcpy8                          0x080006c9   Thumb Code     0  rt_memcpy_w.o(.text)
    __rt_memcpy_w                            0x080006c9   Thumb Code   100  rt_memcpy_w.o(.text)
    _memcpy_lastbytes_aligned                0x08000711   Thumb Code     0  rt_memcpy_w.o(.text)
    ferror                                   0x0800072d   Thumb Code     8  ferror.o(.text)
    __user_setup_stackheap                   0x08000735   Thumb Code    74  sys_stackheap_outer.o(.text)
    exit                                     0x0800077f   Thumb Code    18  exit.o(.text)
    __user_libspace                          0x08000791   Thumb Code     8  libspace.o(.text)
    __user_perproc_libspace                  0x08000791   Thumb Code     0  libspace.o(.text)
    __user_perthread_libspace                0x08000791   Thumb Code     0  libspace.o(.text)
    BusFault_Handler                         0x08000799   Thumb Code     4  stm32f1xx_it.o(i.BusFault_Handler)
    DebugMon_Handler                         0x0800079d   Thumb Code     2  stm32f1xx_it.o(i.DebugMon_Handler)
    FSMC_NORSRAM_Extended_Timing_Init        0x080007a1   Thumb Code    62  stm32f1xx_ll_fsmc.o(i.FSMC_NORSRAM_Extended_Timing_Init)
    FSMC_NORSRAM_Init                        0x080007e5   Thumb Code   116  stm32f1xx_ll_fsmc.o(i.FSMC_NORSRAM_Init)
    FSMC_NORSRAM_Timing_Init                 0x0800085d   Thumb Code    66  stm32f1xx_ll_fsmc.o(i.FSMC_NORSRAM_Timing_Init)
    HAL_DMA_Abort_IT                         0x080008a1   Thumb Code   414  stm32f1xx_hal_dma.o(i.HAL_DMA_Abort_IT)
    HAL_GPIO_Init                            0x08000a49   Thumb Code   792  stm32f1xx_hal_gpio.o(i.HAL_GPIO_Init)
    HAL_GPIO_TogglePin                       0x08000d89   Thumb Code    20  stm32f1xx_hal_gpio.o(i.HAL_GPIO_TogglePin)
    HAL_GPIO_WritePin                        0x08000d9d   Thumb Code    12  stm32f1xx_hal_gpio.o(i.HAL_GPIO_WritePin)
    HAL_GetTick                              0x08000da9   Thumb Code     6  stm32f1xx_hal.o(i.HAL_GetTick)
    HAL_IncTick                              0x08000db5   Thumb Code    16  stm32f1xx_hal.o(i.HAL_IncTick)
    HAL_Init                                 0x08000dcd   Thumb Code    34  stm32f1xx_hal.o(i.HAL_Init)
    HAL_InitTick                             0x08000df5   Thumb Code    64  stm32f1xx_hal.o(i.HAL_InitTick)
    HAL_MspInit                              0x08000e41   Thumb Code     2  stm32f1xx_hal.o(i.HAL_MspInit)
    HAL_NVIC_EnableIRQ                       0x08000e43   Thumb Code    32  stm32f1xx_hal_cortex.o(i.HAL_NVIC_EnableIRQ)
    HAL_NVIC_SetPriority                     0x08000e63   Thumb Code   124  stm32f1xx_hal_cortex.o(i.HAL_NVIC_SetPriority)
    HAL_NVIC_SetPriorityGrouping             0x08000ee1   Thumb Code    32  stm32f1xx_hal_cortex.o(i.HAL_NVIC_SetPriorityGrouping)
    HAL_RCC_ClockConfig                      0x08000f09   Thumb Code   376  stm32f1xx_hal_rcc.o(i.HAL_RCC_ClockConfig)
    HAL_RCC_GetHCLKFreq                      0x08001095   Thumb Code     6  stm32f1xx_hal_rcc.o(i.HAL_RCC_GetHCLKFreq)
    HAL_RCC_GetPCLK1Freq                     0x080010a1   Thumb Code    22  stm32f1xx_hal_rcc.o(i.HAL_RCC_GetPCLK1Freq)
    HAL_RCC_GetPCLK2Freq                     0x080010c1   Thumb Code    22  stm32f1xx_hal_rcc.o(i.HAL_RCC_GetPCLK2Freq)
    HAL_RCC_GetSysClockFreq                  0x080010e1   Thumb Code   116  stm32f1xx_hal_rcc.o(i.HAL_RCC_GetSysClockFreq)
    HAL_RCC_OscConfig                        0x08001175   Thumb Code  1114  stm32f1xx_hal_rcc.o(i.HAL_RCC_OscConfig)
    HAL_SRAM_Init                            0x080015d9   Thumb Code   102  stm32f1xx_hal_sram.o(i.HAL_SRAM_Init)
    HAL_SRAM_MspInit                         0x08001641   Thumb Code   130  lcd.o(i.HAL_SRAM_MspInit)
    HAL_SYSTICK_CLKSourceConfig              0x080016d1   Thumb Code    40  stm32f1xx_hal_cortex.o(i.HAL_SYSTICK_CLKSourceConfig)
    HAL_SYSTICK_Config                       0x080016f9   Thumb Code    52  stm32f1xx_hal_cortex.o(i.HAL_SYSTICK_Config)
    HAL_TIMEx_BreakCallback                  0x0800172d   Thumb Code     2  stm32f1xx_hal_tim_ex.o(i.HAL_TIMEx_BreakCallback)
    HAL_TIMEx_CommutCallback                 0x0800172f   Thumb Code     2  stm32f1xx_hal_tim_ex.o(i.HAL_TIMEx_CommutCallback)
    HAL_TIM_IC_CaptureCallback               0x08001731   Thumb Code     2  stm32f1xx_hal_tim.o(i.HAL_TIM_IC_CaptureCallback)
    HAL_TIM_IRQHandler                       0x08001733   Thumb Code   406  stm32f1xx_hal_tim.o(i.HAL_TIM_IRQHandler)
    HAL_TIM_OC_DelayElapsedCallback          0x080018c9   Thumb Code     2  stm32f1xx_hal_tim.o(i.HAL_TIM_OC_DelayElapsedCallback)
    HAL_TIM_PWM_PulseFinishedCallback        0x080018cb   Thumb Code     2  stm32f1xx_hal_tim.o(i.HAL_TIM_PWM_PulseFinishedCallback)
    HAL_TIM_PeriodElapsedCallback            0x080018cd   Thumb Code    26  btim.o(i.HAL_TIM_PeriodElapsedCallback)
    HAL_TIM_TriggerCallback                  0x080018f1   Thumb Code     2  stm32f1xx_hal_tim.o(i.HAL_TIM_TriggerCallback)
    HAL_UART_ErrorCallback                   0x080018f3   Thumb Code     2  stm32f1xx_hal_uart.o(i.HAL_UART_ErrorCallback)
    HAL_UART_IRQHandler                      0x080018f5   Thumb Code   334  stm32f1xx_hal_uart.o(i.HAL_UART_IRQHandler)
    HAL_UART_Init                            0x08001a49   Thumb Code   114  stm32f1xx_hal_uart.o(i.HAL_UART_Init)
    HAL_UART_MspInit                         0x08001abd   Thumb Code   168  usart.o(i.HAL_UART_MspInit)
    HAL_UART_Receive_IT                      0x08001b71   Thumb Code   112  stm32f1xx_hal_uart.o(i.HAL_UART_Receive_IT)
    HAL_UART_RxCpltCallback                  0x08001be1   Thumb Code   134  usart.o(i.HAL_UART_RxCpltCallback)
    HAL_UART_TxCpltCallback                  0x08001c7d   Thumb Code     2  stm32f1xx_hal_uart.o(i.HAL_UART_TxCpltCallback)
    HardFault_Handler                        0x08001c7f   Thumb Code     4  stm32f1xx_it.o(i.HardFault_Handler)
    MemManage_Handler                        0x08001c83   Thumb Code     4  stm32f1xx_it.o(i.MemManage_Handler)
    NMI_Handler                              0x08001c87   Thumb Code     2  stm32f1xx_it.o(i.NMI_Handler)
    SysTick_Handler                          0x08001cb1   Thumb Code    20  delay.o(i.SysTick_Handler)
    SystemInit                               0x08001cc5   Thumb Code     2  system_stm32f1xx.o(i.SystemInit)
    TIM6_IRQHandler                          0x08001cc9   Thumb Code    10  btim.o(i.TIM6_IRQHandler)
    USART1_IRQHandler                        0x08001f29   Thumb Code    26  usart.o(i.USART1_IRQHandler)
    UsageFault_Handler                       0x08001f4d   Thumb Code     4  stm32f1xx_it.o(i.UsageFault_Handler)
    _sys_exit                                0x08001f89   Thumb Code     4  usart.o(i._sys_exit)
    delay_init                               0x08001f8d   Thumb Code    72  delay.o(i.delay_init)
    delay_ms                                 0x08001fd9   Thumb Code    24  delay.o(i.delay_ms)
    delay_us                                 0x08001ff1   Thumb Code    68  delay.o(i.delay_us)
    fputc                                    0x08002039   Thumb Code    24  usart.o(i.fputc)
    freertos_demo                            0x08002055   Thumb Code    28  freertos_demo.o(i.freertos_demo)
    key_init                                 0x08002085   Thumb Code   172  key.o(i.key_init)
    lcd_clear                                0x0800213d   Thumb Code    42  lcd.o(i.lcd_clear)
    lcd_display_dir                          0x08002171   Thumb Code   360  lcd.o(i.lcd_display_dir)
    lcd_ex_ili9341_reginit                   0x080022dd   Thumb Code   556  lcd.o(i.lcd_ex_ili9341_reginit)
    lcd_ex_ili9806_reginit                   0x08002509   Thumb Code   832  lcd.o(i.lcd_ex_ili9806_reginit)
    lcd_ex_nt35310_reginit                   0x08002849   Thumb Code  3826  lcd.o(i.lcd_ex_nt35310_reginit)
    lcd_ex_nt35510_reginit                   0x0800373b   Thumb Code  3836  lcd.o(i.lcd_ex_nt35510_reginit)
    lcd_ex_ssd1963_reginit                   0x08004637   Thumb Code   366  lcd.o(i.lcd_ex_ssd1963_reginit)
    lcd_ex_st7789_reginit                    0x080047a5   Thumb Code   424  lcd.o(i.lcd_ex_st7789_reginit)
    lcd_ex_st7796_reginit                    0x0800494d   Thumb Code   454  lcd.o(i.lcd_ex_st7796_reginit)
    lcd_init                                 0x08004b15   Thumb Code  1120  lcd.o(i.lcd_init)
    lcd_scan_dir                             0x08004fa1   Thumb Code   568  lcd.o(i.lcd_scan_dir)
    lcd_set_cursor                           0x080051dd   Thumb Code   282  lcd.o(i.lcd_set_cursor)
    lcd_ssd_backlight_set                    0x080052fd   Thumb Code    80  lcd.o(i.lcd_ssd_backlight_set)
    lcd_wr_data                              0x08005351   Thumb Code    18  lcd.o(i.lcd_wr_data)
    lcd_wr_regno                             0x08005369   Thumb Code    18  lcd.o(i.lcd_wr_regno)
    lcd_write_ram_prepare                    0x08005381   Thumb Code    10  lcd.o(i.lcd_write_ram_prepare)
    lcd_write_reg                            0x08005395   Thumb Code    10  lcd.o(i.lcd_write_reg)
    led_init                                 0x080053a5   Thumb Code   134  led.o(i.led_init)
    main                                     0x08005439   Thumb Code    52  main.o(i.main)
    my_mem_init                              0x0800546d   Thumb Code    38  malloc.o(i.my_mem_init)
    my_mem_perused                           0x0800549d   Thumb Code    56  malloc.o(i.my_mem_perused)
    my_mem_set                               0x080054dd   Thumb Code    20  malloc.o(i.my_mem_set)
    pvPortMalloc                             0x08006165   Thumb Code   412  heap_4.o(i.pvPortMalloc)
    pxPortInitialiseStack                    0x08006365   Thumb Code    30  port.o(i.pxPortInitialiseStack)
    start_task                               0x08006389   Thumb Code    62  freertos_demo.o(i.start_task)
    sys_stm32_clock_init                     0x080063ed   Thumb Code   102  sys.o(i.sys_stm32_clock_init)
    task1                                    0x08006455   Thumb Code    26  freertos_demo.o(i.task1)
    task2                                    0x08006475   Thumb Code    24  freertos_demo.o(i.task2)
    usart_init                               0x08006491   Thumb Code    44  usart.o(i.usart_init)
    uxListRemove                             0x080064c9   Thumb Code    40  list.o(i.uxListRemove)
    uxTaskGetNumberOfTasks                   0x080064f1   Thumb Code     6  tasks.o(i.uxTaskGetNumberOfTasks)
    vListInitialise                          0x080064fd   Thumb Code    26  list.o(i.vListInitialise)
    vListInitialiseItem                      0x08006517   Thumb Code     6  list.o(i.vListInitialiseItem)
    vListInsert                              0x0800651d   Thumb Code    52  list.o(i.vListInsert)
    vListInsertEnd                           0x08006551   Thumb Code    24  list.o(i.vListInsertEnd)
    vPortEnterCritical                       0x08006569   Thumb Code    68  port.o(i.vPortEnterCritical)
    vPortExitCritical                        0x080065fd   Thumb Code    48  port.o(i.vPortExitCritical)
    vPortFree                                0x08006679   Thumb Code   144  heap_4.o(i.vPortFree)
    vPortSetupTimerInterrupt                 0x08006761   Thumb Code    36  port.o(i.vPortSetupTimerInterrupt)
    vQueueAddToRegistry                      0x08006789   Thumb Code    84  queue.o(i.vQueueAddToRegistry)
    vQueueWaitForMessageRestricted           0x08006815   Thumb Code    74  queue.o(i.vQueueWaitForMessageRestricted)
    vTaskDelay                               0x08006861   Thumb Code    72  tasks.o(i.vTaskDelay)
    vTaskDelete                              0x080068e5   Thumb Code   224  tasks.o(i.vTaskDelete)
    vTaskInternalSetTimeOutState             0x08006a21   Thumb Code    14  tasks.o(i.vTaskInternalSetTimeOutState)
    vTaskMissedYield                         0x08006a39   Thumb Code     8  tasks.o(i.vTaskMissedYield)
    vTaskPlaceOnEventList                    0x08006a45   Thumb Code    42  tasks.o(i.vTaskPlaceOnEventList)
    vTaskPlaceOnEventListRestricted          0x08006aa9   Thumb Code    88  tasks.o(i.vTaskPlaceOnEventListRestricted)
    vTaskStartScheduler                      0x08006b39   Thumb Code    96  tasks.o(i.vTaskStartScheduler)
    vTaskSuspendAll                          0x08006bdd   Thumb Code    12  tasks.o(i.vTaskSuspendAll)
    vTaskSwitchContext                       0x08006bed   Thumb Code   118  tasks.o(i.vTaskSwitchContext)
    xPortStartScheduler                      0x08006cad   Thumb Code   208  port.o(i.xPortStartScheduler)
    xPortSysTickHandler                      0x08006dd9   Thumb Code    46  port.o(i.xPortSysTickHandler)
    xQueueGenericCreate                      0x08006e0d   Thumb Code    92  queue.o(i.xQueueGenericCreate)
    xQueueGenericReset                       0x08006e9d   Thumb Code   194  queue.o(i.xQueueGenericReset)
    xQueueReceive                            0x08006f99   Thumb Code   326  queue.o(i.xQueueReceive)
    xTaskCheckForTimeOut                     0x08007119   Thumb Code   140  tasks.o(i.xTaskCheckForTimeOut)
    xTaskCreate                              0x080071e5   Thumb Code    56  tasks.o(i.xTaskCreate)
    xTaskGetSchedulerState                   0x0800721d   Thumb Code    24  tasks.o(i.xTaskGetSchedulerState)
    xTaskGetTickCount                        0x0800723d   Thumb Code     6  tasks.o(i.xTaskGetTickCount)
    xTaskIncrementTick                       0x08007249   Thumb Code   406  tasks.o(i.xTaskIncrementTick)
    xTaskPriorityDisinherit                  0x08007441   Thumb Code   214  tasks.o(i.xTaskPriorityDisinherit)
    xTaskRemoveFromEventList                 0x08007559   Thumb Code   270  tasks.o(i.xTaskRemoveFromEventList)
    xTaskResumeAll                           0x080076b5   Thumb Code   372  tasks.o(i.xTaskResumeAll)
    xTimerCreateTimerTask                    0x08007881   Thumb Code    56  timers.o(i.xTimerCreateTimerTask)
    __aeabi_d2uiz                            0x08007901   Thumb Code     0  dfixu.o(x$fpl$dfixu)
    _dfixu                                   0x08007901   Thumb Code    90  dfixu.o(x$fpl$dfixu)
    __aeabi_ui2d                             0x0800795b   Thumb Code     0  dflt_clz.o(x$fpl$dfltu)
    _dfltu                                   0x0800795b   Thumb Code    38  dflt_clz.o(x$fpl$dfltu)
    __aeabi_dmul                             0x08007981   Thumb Code     0  dmul.o(x$fpl$dmul)
    _dmul                                    0x08007981   Thumb Code   332  dmul.o(x$fpl$dmul)
    __fpl_dnaninf                            0x08007ad5   Thumb Code   156  dnaninf.o(x$fpl$dnaninf)
    __fpl_dretinf                            0x08007b71   Thumb Code    12  dretinf.o(x$fpl$dretinf)
    AHBPrescTable                            0x08007b7c   Data          16  system_stm32f1xx.o(.constdata)
    __I$use$fp                               0x08007b7c   Number         0  usenofp.o(x$fpl$usenofp)
    APBPrescTable                            0x08007b8c   Data           8  system_stm32f1xx.o(.constdata)
    memtblsize                               0x08007b94   Data           8  malloc.o(.constdata)
    memblksize                               0x08007b9c   Data           8  malloc.o(.constdata)
    memsize                                  0x08007ba4   Data           8  malloc.o(.constdata)
    Region$$Table$$Base                      0x08007bd4   Number         0  anon$$obj.o(Region$$Table)
    Region$$Table$$Limit                     0x08007bf4   Number         0  anon$$obj.o(Region$$Table)
    SystemCoreClock                          0x20000000   Data           4  system_stm32f1xx.o(.data)
    StartTask_Handler                        0x20000004   Data           4  freertos_demo.o(.data)
    Task1Task_Handler                        0x20000008   Data           4  freertos_demo.o(.data)
    Task2Task_Handler                        0x2000000c   Data           4  freertos_demo.o(.data)
    lcd_discolor                             0x20000010   Data          22  freertos_demo.o(.data)
    __stdout                                 0x2000002c   Data           4  usart.o(.data)
    g_usart_rx_sta                           0x20000030   Data           2  usart.o(.data)
    g_rx_buffer                              0x20000032   Data           1  usart.o(.data)
    uwTick                                   0x20000034   Data           4  stm32f1xx_hal.o(.data)
    uwTickPrio                               0x20000038   Data           4  stm32f1xx_hal.o(.data)
    uwTickFreq                               0x2000003c   Data           1  stm32f1xx_hal.o(.data)
    mallco_dev                               0x20000040   Data          28  malloc.o(.data)
    pxCurrentTCB                             0x2000005c   Data           4  tasks.o(.data)
    g_usart_rx_buf                           0x200000d8   Data         200  usart.o(.bss)
    g_uart1_handle                           0x200001a0   Data          64  usart.o(.bss)
    g_sram_handle                            0x200001e0   Data          72  lcd.o(.bss)
    lcddev                                   0x20000228   Data          14  lcd.o(.bss)
    g_timx_handle                            0x20000238   Data          72  btim.o(.bss)
    xQueueRegistry                           0x2000ac80   Data          64  queue.o(.bss)
    __libspace_start                         0x2000d7cc   Data          96  libspace.o(.bss)
    __temporary_stack_top$libspace           0x2000d82c   Data           0  libspace.o(.bss)



==============================================================================

Memory Map of the image

  Image Entry point : 0x08000131

  Load Region LR_IROM1 (Base: 0x08000000, Size: 0x00007ccc, Max: 0x00080000, ABSOLUTE)

    Execution Region ER_IROM1 (Exec base: 0x08000000, Load base: 0x08000000, Size: 0x00007bf4, Max: 0x00080000, ABSOLUTE)

    Exec Addr    Load Addr    Size         Type   Attr      Idx    E Section Name        Object

    0x08000000   0x08000000   0x00000130   Data   RO            3    RESET               startup_stm32f103xe.o
    0x08000130   0x08000130   0x00000008   Code   RO         5379  * !!!main             c_w.l(__main.o)
    0x08000138   0x08000138   0x00000034   Code   RO         5569    !!!scatter          c_w.l(__scatter.o)
    0x0800016c   0x0800016c   0x0000001a   Code   RO         5571    !!handler_copy      c_w.l(__scatter_copy.o)
    0x08000186   0x08000186   0x00000002   PAD
    0x08000188   0x08000188   0x0000001c   Code   RO         5573    !!handler_zi        c_w.l(__scatter_zi.o)
    0x080001a4   0x080001a4   0x00000000   Code   RO         5362    .ARM.Collect$$_printf_percent$$00000000  c_w.l(_printf_percent.o)
    0x080001a4   0x080001a4   0x00000006   Code   RO         5360    .ARM.Collect$$_printf_percent$$00000009  c_w.l(_printf_d.o)
    0x080001aa   0x080001aa   0x00000006   Code   RO         5359    .ARM.Collect$$_printf_percent$$0000000C  c_w.l(_printf_x.o)
    0x080001b0   0x080001b0   0x00000006   Code   RO         5358    .ARM.Collect$$_printf_percent$$00000014  c_w.l(_printf_s.o)
    0x080001b6   0x080001b6   0x00000004   Code   RO         5408    .ARM.Collect$$_printf_percent$$00000017  c_w.l(_printf_percent_end.o)
    0x080001ba   0x080001ba   0x00000002   Code   RO         5446    .ARM.Collect$$libinit$$00000000  c_w.l(libinit.o)
    0x080001bc   0x080001bc   0x00000000   Code   RO         5453    .ARM.Collect$$libinit$$00000002  c_w.l(libinit2.o)
    0x080001bc   0x080001bc   0x00000000   Code   RO         5455    .ARM.Collect$$libinit$$00000004  c_w.l(libinit2.o)
    0x080001bc   0x080001bc   0x00000000   Code   RO         5458    .ARM.Collect$$libinit$$0000000A  c_w.l(libinit2.o)
    0x080001bc   0x080001bc   0x00000000   Code   RO         5460    .ARM.Collect$$libinit$$0000000C  c_w.l(libinit2.o)
    0x080001bc   0x080001bc   0x00000000   Code   RO         5462    .ARM.Collect$$libinit$$0000000E  c_w.l(libinit2.o)
    0x080001bc   0x080001bc   0x00000000   Code   RO         5465    .ARM.Collect$$libinit$$00000011  c_w.l(libinit2.o)
    0x080001bc   0x080001bc   0x00000000   Code   RO         5467    .ARM.Collect$$libinit$$00000013  c_w.l(libinit2.o)
    0x080001bc   0x080001bc   0x00000000   Code   RO         5469    .ARM.Collect$$libinit$$00000015  c_w.l(libinit2.o)
    0x080001bc   0x080001bc   0x00000000   Code   RO         5471    .ARM.Collect$$libinit$$00000017  c_w.l(libinit2.o)
    0x080001bc   0x080001bc   0x00000000   Code   RO         5473    .ARM.Collect$$libinit$$00000019  c_w.l(libinit2.o)
    0x080001bc   0x080001bc   0x00000000   Code   RO         5475    .ARM.Collect$$libinit$$0000001B  c_w.l(libinit2.o)
    0x080001bc   0x080001bc   0x00000000   Code   RO         5477    .ARM.Collect$$libinit$$0000001D  c_w.l(libinit2.o)
    0x080001bc   0x080001bc   0x00000000   Code   RO         5479    .ARM.Collect$$libinit$$0000001F  c_w.l(libinit2.o)
    0x080001bc   0x080001bc   0x00000000   Code   RO         5481    .ARM.Collect$$libinit$$00000021  c_w.l(libinit2.o)
    0x080001bc   0x080001bc   0x00000000   Code   RO         5483    .ARM.Collect$$libinit$$00000023  c_w.l(libinit2.o)
    0x080001bc   0x080001bc   0x00000000   Code   RO         5485    .ARM.Collect$$libinit$$00000025  c_w.l(libinit2.o)
    0x080001bc   0x080001bc   0x00000000   Code   RO         5489    .ARM.Collect$$libinit$$0000002C  c_w.l(libinit2.o)
    0x080001bc   0x080001bc   0x00000000   Code   RO         5491    .ARM.Collect$$libinit$$0000002E  c_w.l(libinit2.o)
    0x080001bc   0x080001bc   0x00000000   Code   RO         5493    .ARM.Collect$$libinit$$00000030  c_w.l(libinit2.o)
    0x080001bc   0x080001bc   0x00000000   Code   RO         5495    .ARM.Collect$$libinit$$00000032  c_w.l(libinit2.o)
    0x080001bc   0x080001bc   0x00000002   Code   RO         5496    .ARM.Collect$$libinit$$00000033  c_w.l(libinit2.o)
    0x080001be   0x080001be   0x00000002   Code   RO         5514    .ARM.Collect$$libshutdown$$00000000  c_w.l(libshutdown.o)
    0x080001c0   0x080001c0   0x00000000   Code   RO         5522    .ARM.Collect$$libshutdown$$00000002  c_w.l(libshutdown2.o)
    0x080001c0   0x080001c0   0x00000000   Code   RO         5524    .ARM.Collect$$libshutdown$$00000004  c_w.l(libshutdown2.o)
    0x080001c0   0x080001c0   0x00000000   Code   RO         5526    .ARM.Collect$$libshutdown$$00000006  c_w.l(libshutdown2.o)
    0x080001c0   0x080001c0   0x00000000   Code   RO         5529    .ARM.Collect$$libshutdown$$00000009  c_w.l(libshutdown2.o)
    0x080001c0   0x080001c0   0x00000000   Code   RO         5532    .ARM.Collect$$libshutdown$$0000000C  c_w.l(libshutdown2.o)
    0x080001c0   0x080001c0   0x00000000   Code   RO         5534    .ARM.Collect$$libshutdown$$0000000E  c_w.l(libshutdown2.o)
    0x080001c0   0x080001c0   0x00000000   Code   RO         5537    .ARM.Collect$$libshutdown$$00000011  c_w.l(libshutdown2.o)
    0x080001c0   0x080001c0   0x00000002   Code   RO         5538    .ARM.Collect$$libshutdown$$00000012  c_w.l(libshutdown2.o)
    0x080001c2   0x080001c2   0x00000000   Code   RO         5395    .ARM.Collect$$rtentry$$00000000  c_w.l(__rtentry.o)
    0x080001c2   0x080001c2   0x00000000   Code   RO         5417    .ARM.Collect$$rtentry$$00000002  c_w.l(__rtentry2.o)
    0x080001c2   0x080001c2   0x00000006   Code   RO         5429    .ARM.Collect$$rtentry$$00000004  c_w.l(__rtentry4.o)
    0x080001c8   0x080001c8   0x00000000   Code   RO         5419    .ARM.Collect$$rtentry$$00000009  c_w.l(__rtentry2.o)
    0x080001c8   0x080001c8   0x00000004   Code   RO         5420    .ARM.Collect$$rtentry$$0000000A  c_w.l(__rtentry2.o)
    0x080001cc   0x080001cc   0x00000000   Code   RO         5422    .ARM.Collect$$rtentry$$0000000C  c_w.l(__rtentry2.o)
    0x080001cc   0x080001cc   0x00000008   Code   RO         5423    .ARM.Collect$$rtentry$$0000000D  c_w.l(__rtentry2.o)
    0x080001d4   0x080001d4   0x00000002   Code   RO         5450    .ARM.Collect$$rtexit$$00000000  c_w.l(rtexit.o)
    0x080001d6   0x080001d6   0x00000000   Code   RO         5498    .ARM.Collect$$rtexit$$00000002  c_w.l(rtexit2.o)
    0x080001d6   0x080001d6   0x00000004   Code   RO         5499    .ARM.Collect$$rtexit$$00000003  c_w.l(rtexit2.o)
    0x080001da   0x080001da   0x00000006   Code   RO         5500    .ARM.Collect$$rtexit$$00000004  c_w.l(rtexit2.o)
    0x080001e0   0x080001e0   0x00000096   Code   RO         5212    .emb_text           port.o
    0x08000276   0x08000276   0x00000002   PAD
    0x08000278   0x08000278   0x00000040   Code   RO            4    .text               startup_stm32f103xe.o
    0x080002b8   0x080002b8   0x00000002   Code   RO         5300    .text               c_w.l(use_no_semi_2.o)
    0x080002ba   0x080002ba   0x00000002   PAD
    0x080002bc   0x080002bc   0x00000018   Code   RO         5302    .text               c_w.l(__2printf.o)
    0x080002d4   0x080002d4   0x00000068   Code   RO         5310    .text               c_w.l(__printf.o)
    0x0800033c   0x0800033c   0x00000052   Code   RO         5312    .text               c_w.l(_printf_str.o)
    0x0800038e   0x0800038e   0x00000002   PAD
    0x08000390   0x08000390   0x00000078   Code   RO         5314    .text               c_w.l(_printf_dec.o)
    0x08000408   0x08000408   0x00000058   Code   RO         5319    .text               c_w.l(_printf_hex_int.o)
    0x08000460   0x08000460   0x0000008a   Code   RO         5367    .text               c_w.l(rt_memcpy_v6.o)
    0x080004ea   0x080004ea   0x00000010   Code   RO         5371    .text               c_w.l(aeabi_memset.o)
    0x080004fa   0x080004fa   0x00000044   Code   RO         5373    .text               c_w.l(rt_memclr.o)
    0x0800053e   0x0800053e   0x0000004e   Code   RO         5375    .text               c_w.l(rt_memclr_w.o)
    0x0800058c   0x0800058c   0x00000006   Code   RO         5377    .text               c_w.l(heapauxi.o)
    0x08000592   0x08000592   0x00000002   Code   RO         5393    .text               c_w.l(use_no_semi.o)
    0x08000594   0x08000594   0x000000b2   Code   RO         5396    .text               c_w.l(_printf_intcommon.o)
    0x08000646   0x08000646   0x00000002   PAD
    0x08000648   0x08000648   0x00000030   Code   RO         5398    .text               c_w.l(_printf_char_common.o)
    0x08000678   0x08000678   0x0000002c   Code   RO         5404    .text               c_w.l(_printf_char.o)
    0x080006a4   0x080006a4   0x00000024   Code   RO         5406    .text               c_w.l(_printf_char_file.o)
    0x080006c8   0x080006c8   0x00000064   Code   RO         5409    .text               c_w.l(rt_memcpy_w.o)
    0x0800072c   0x0800072c   0x00000008   Code   RO         5433    .text               c_w.l(ferror.o)
    0x08000734   0x08000734   0x0000004a   Code   RO         5437    .text               c_w.l(sys_stackheap_outer.o)
    0x0800077e   0x0800077e   0x00000012   Code   RO         5439    .text               c_w.l(exit.o)
    0x08000790   0x08000790   0x00000008   Code   RO         5447    .text               c_w.l(libspace.o)
    0x08000798   0x08000798   0x00000004   Code   RO          283    i.BusFault_Handler  stm32f1xx_it.o
    0x0800079c   0x0800079c   0x00000002   Code   RO          284    i.DebugMon_Handler  stm32f1xx_it.o
    0x0800079e   0x0800079e   0x00000002   PAD
    0x080007a0   0x080007a0   0x00000044   Code   RO         2257    i.FSMC_NORSRAM_Extended_Timing_Init  stm32f1xx_ll_fsmc.o
    0x080007e4   0x080007e4   0x00000078   Code   RO         2258    i.FSMC_NORSRAM_Init  stm32f1xx_ll_fsmc.o
    0x0800085c   0x0800085c   0x00000042   Code   RO         2259    i.FSMC_NORSRAM_Timing_Init  stm32f1xx_ll_fsmc.o
    0x0800089e   0x0800089e   0x00000002   PAD
    0x080008a0   0x080008a0   0x000001a8   Code   RO         1054    i.HAL_DMA_Abort_IT  stm32f1xx_hal_dma.o
    0x08000a48   0x08000a48   0x00000340   Code   RO         1150    i.HAL_GPIO_Init     stm32f1xx_hal_gpio.o
    0x08000d88   0x08000d88   0x00000014   Code   RO         1153    i.HAL_GPIO_TogglePin  stm32f1xx_hal_gpio.o
    0x08000d9c   0x08000d9c   0x0000000c   Code   RO         1154    i.HAL_GPIO_WritePin  stm32f1xx_hal_gpio.o
    0x08000da8   0x08000da8   0x0000000c   Code   RO          767    i.HAL_GetTick       stm32f1xx_hal.o
    0x08000db4   0x08000db4   0x00000018   Code   RO          773    i.HAL_IncTick       stm32f1xx_hal.o
    0x08000dcc   0x08000dcc   0x00000028   Code   RO          774    i.HAL_Init          stm32f1xx_hal.o
    0x08000df4   0x08000df4   0x0000004c   Code   RO          775    i.HAL_InitTick      stm32f1xx_hal.o
    0x08000e40   0x08000e40   0x00000002   Code   RO          777    i.HAL_MspInit       stm32f1xx_hal.o
    0x08000e42   0x08000e42   0x00000020   Code   RO          932    i.HAL_NVIC_EnableIRQ  stm32f1xx_hal_cortex.o
    0x08000e62   0x08000e62   0x0000007c   Code   RO          938    i.HAL_NVIC_SetPriority  stm32f1xx_hal_cortex.o
    0x08000ede   0x08000ede   0x00000002   PAD
    0x08000ee0   0x08000ee0   0x00000028   Code   RO          939    i.HAL_NVIC_SetPriorityGrouping  stm32f1xx_hal_cortex.o
    0x08000f08   0x08000f08   0x0000018c   Code   RO         1375    i.HAL_RCC_ClockConfig  stm32f1xx_hal_rcc.o
    0x08001094   0x08001094   0x0000000c   Code   RO         1380    i.HAL_RCC_GetHCLKFreq  stm32f1xx_hal_rcc.o
    0x080010a0   0x080010a0   0x00000020   Code   RO         1382    i.HAL_RCC_GetPCLK1Freq  stm32f1xx_hal_rcc.o
    0x080010c0   0x080010c0   0x00000020   Code   RO         1383    i.HAL_RCC_GetPCLK2Freq  stm32f1xx_hal_rcc.o
    0x080010e0   0x080010e0   0x00000094   Code   RO         1384    i.HAL_RCC_GetSysClockFreq  stm32f1xx_hal_rcc.o
    0x08001174   0x08001174   0x00000464   Code   RO         1387    i.HAL_RCC_OscConfig  stm32f1xx_hal_rcc.o
    0x080015d8   0x080015d8   0x00000066   Code   RO         2118    i.HAL_SRAM_Init     stm32f1xx_hal_sram.o
    0x0800163e   0x0800163e   0x00000002   PAD
    0x08001640   0x08001640   0x00000090   Code   RO         3383    i.HAL_SRAM_MspInit  lcd.o
    0x080016d0   0x080016d0   0x00000028   Code   RO          941    i.HAL_SYSTICK_CLKSourceConfig  stm32f1xx_hal_cortex.o
    0x080016f8   0x080016f8   0x00000034   Code   RO          943    i.HAL_SYSTICK_Config  stm32f1xx_hal_cortex.o
    0x0800172c   0x0800172c   0x00000002   Code   RO         3092    i.HAL_TIMEx_BreakCallback  stm32f1xx_hal_tim_ex.o
    0x0800172e   0x0800172e   0x00000002   Code   RO         3093    i.HAL_TIMEx_CommutCallback  stm32f1xx_hal_tim_ex.o
    0x08001730   0x08001730   0x00000002   Code   RO         2411    i.HAL_TIM_IC_CaptureCallback  stm32f1xx_hal_tim.o
    0x08001732   0x08001732   0x00000196   Code   RO         2425    i.HAL_TIM_IRQHandler  stm32f1xx_hal_tim.o
    0x080018c8   0x080018c8   0x00000002   Code   RO         2428    i.HAL_TIM_OC_DelayElapsedCallback  stm32f1xx_hal_tim.o
    0x080018ca   0x080018ca   0x00000002   Code   RO         2455    i.HAL_TIM_PWM_PulseFinishedCallback  stm32f1xx_hal_tim.o
    0x080018cc   0x080018cc   0x00000024   Code   RO         3676    i.HAL_TIM_PeriodElapsedCallback  btim.o
    0x080018f0   0x080018f0   0x00000002   Code   RO         2468    i.HAL_TIM_TriggerCallback  stm32f1xx_hal_tim.o
    0x080018f2   0x080018f2   0x00000002   Code   RO         1538    i.HAL_UART_ErrorCallback  stm32f1xx_hal_uart.o
    0x080018f4   0x080018f4   0x00000154   Code   RO         1541    i.HAL_UART_IRQHandler  stm32f1xx_hal_uart.o
    0x08001a48   0x08001a48   0x00000072   Code   RO         1542    i.HAL_UART_Init     stm32f1xx_hal_uart.o
    0x08001aba   0x08001aba   0x00000002   PAD
    0x08001abc   0x08001abc   0x000000b4   Code   RO          679    i.HAL_UART_MspInit  usart.o
    0x08001b70   0x08001b70   0x00000070   Code   RO         1547    i.HAL_UART_Receive_IT  stm32f1xx_hal_uart.o
    0x08001be0   0x08001be0   0x0000009c   Code   RO          680    i.HAL_UART_RxCpltCallback  usart.o
    0x08001c7c   0x08001c7c   0x00000002   Code   RO         1553    i.HAL_UART_TxCpltCallback  stm32f1xx_hal_uart.o
    0x08001c7e   0x08001c7e   0x00000004   Code   RO          285    i.HardFault_Handler  stm32f1xx_it.o
    0x08001c82   0x08001c82   0x00000004   Code   RO          286    i.MemManage_Handler  stm32f1xx_it.o
    0x08001c86   0x08001c86   0x00000002   Code   RO          287    i.NMI_Handler       stm32f1xx_it.o
    0x08001c88   0x08001c88   0x00000028   Code   RO         1388    i.RCC_Delay         stm32f1xx_hal_rcc.o
    0x08001cb0   0x08001cb0   0x00000014   Code   RO          551    i.SysTick_Handler   delay.o
    0x08001cc4   0x08001cc4   0x00000002   Code   RO          247    i.SystemInit        system_stm32f1xx.o
    0x08001cc6   0x08001cc6   0x00000002   PAD
    0x08001cc8   0x08001cc8   0x00000010   Code   RO         3677    i.TIM6_IRQHandler   btim.o
    0x08001cd8   0x08001cd8   0x00000014   Code   RO         1555    i.UART_DMAAbortOnError  stm32f1xx_hal_uart.o
    0x08001cec   0x08001cec   0x00000020   Code   RO         1565    i.UART_EndRxTransfer  stm32f1xx_hal_uart.o
    0x08001d0c   0x08001d0c   0x00000020   Code   RO         1566    i.UART_EndTransmit_IT  stm32f1xx_hal_uart.o
    0x08001d2c   0x08001d2c   0x000000a0   Code   RO         1568    i.UART_Receive_IT   stm32f1xx_hal_uart.o
    0x08001dcc   0x08001dcc   0x000000fc   Code   RO         1569    i.UART_SetConfig    stm32f1xx_hal_uart.o
    0x08001ec8   0x08001ec8   0x00000060   Code   RO         1570    i.UART_Transmit_IT  stm32f1xx_hal_uart.o
    0x08001f28   0x08001f28   0x00000024   Code   RO          681    i.USART1_IRQHandler  usart.o
    0x08001f4c   0x08001f4c   0x00000004   Code   RO          288    i.UsageFault_Handler  stm32f1xx_it.o
    0x08001f50   0x08001f50   0x00000010   Code   RO          945    i.__NVIC_GetPriorityGrouping  stm32f1xx_hal_cortex.o
    0x08001f60   0x08001f60   0x00000028   Code   RO          946    i.__NVIC_SetPriority  stm32f1xx_hal_cortex.o
    0x08001f88   0x08001f88   0x00000004   Code   RO          683    i._sys_exit         usart.o
    0x08001f8c   0x08001f8c   0x0000004c   Code   RO          552    i.delay_init        delay.o
    0x08001fd8   0x08001fd8   0x00000018   Code   RO          553    i.delay_ms          delay.o
    0x08001ff0   0x08001ff0   0x00000048   Code   RO          554    i.delay_us          delay.o
    0x08002038   0x08002038   0x0000001c   Code   RO          685    i.fputc             usart.o
    0x08002054   0x08002054   0x00000030   Code   RO          468    i.freertos_demo     freertos_demo.o
    0x08002084   0x08002084   0x000000b8   Code   RO         3644    i.key_init          key.o
    0x0800213c   0x0800213c   0x00000034   Code   RO         3384    i.lcd_clear         lcd.o
    0x08002170   0x08002170   0x0000016c   Code   RO         3386    i.lcd_display_dir   lcd.o
    0x080022dc   0x080022dc   0x0000022c   Code   RO         3394    i.lcd_ex_ili9341_reginit  lcd.o
    0x08002508   0x08002508   0x00000340   Code   RO         3395    i.lcd_ex_ili9806_reginit  lcd.o
    0x08002848   0x08002848   0x00000ef2   Code   RO         3396    i.lcd_ex_nt35310_reginit  lcd.o
    0x0800373a   0x0800373a   0x00000efc   Code   RO         3397    i.lcd_ex_nt35510_reginit  lcd.o
    0x08004636   0x08004636   0x0000016e   Code   RO         3398    i.lcd_ex_ssd1963_reginit  lcd.o
    0x080047a4   0x080047a4   0x000001a8   Code   RO         3399    i.lcd_ex_st7789_reginit  lcd.o
    0x0800494c   0x0800494c   0x000001c6   Code   RO         3400    i.lcd_ex_st7796_reginit  lcd.o
    0x08004b12   0x08004b12   0x00000002   PAD
    0x08004b14   0x08004b14   0x00000468   Code   RO         3403    i.lcd_init          lcd.o
    0x08004f7c   0x08004f7c   0x0000000c   Code   RO         3404    i.lcd_opt_delay     lcd.o
    0x08004f88   0x08004f88   0x00000018   Code   RO         3406    i.lcd_rd_data       lcd.o
    0x08004fa0   0x08004fa0   0x0000023c   Code   RO         3408    i.lcd_scan_dir      lcd.o
    0x080051dc   0x080051dc   0x00000120   Code   RO         3409    i.lcd_set_cursor    lcd.o
    0x080052fc   0x080052fc   0x00000054   Code   RO         3415    i.lcd_ssd_backlight_set  lcd.o
    0x08005350   0x08005350   0x00000018   Code   RO         3416    i.lcd_wr_data       lcd.o
    0x08005368   0x08005368   0x00000018   Code   RO         3417    i.lcd_wr_regno      lcd.o
    0x08005380   0x08005380   0x00000014   Code   RO         3418    i.lcd_write_ram_prepare  lcd.o
    0x08005394   0x08005394   0x00000010   Code   RO         3419    i.lcd_write_reg     lcd.o
    0x080053a4   0x080053a4   0x00000094   Code   RO         3359    i.led_init          led.o
    0x08005438   0x08005438   0x00000034   Code   RO           13    i.main              main.o
    0x0800546c   0x0800546c   0x00000030   Code   RO         3725    i.my_mem_init       malloc.o
    0x0800549c   0x0800549c   0x00000040   Code   RO         3727    i.my_mem_perused    malloc.o
    0x080054dc   0x080054dc   0x00000014   Code   RO         3728    i.my_mem_set        malloc.o
    0x080054f0   0x080054f0   0x000000d4   Code   RO         4468    i.prvAddCurrentTaskToDelayedList  tasks.o
    0x080055c4   0x080055c4   0x000000f8   Code   RO         4469    i.prvAddNewTaskToReadyList  tasks.o
    0x080056bc   0x080056bc   0x00000064   Code   RO         4938    i.prvCheckForValidListAndQueue  timers.o
    0x08005720   0x08005720   0x00000048   Code   RO         4470    i.prvCheckTasksWaitingTermination  tasks.o
    0x08005768   0x08005768   0x0000002a   Code   RO         3998    i.prvCopyDataFromQueue  queue.o
    0x08005792   0x08005792   0x0000007e   Code   RO         3999    i.prvCopyDataToQueue  queue.o
    0x08005810   0x08005810   0x00000068   Code   RO         4471    i.prvCreateIdleTasks  tasks.o
    0x08005878   0x08005878   0x0000005a   Code   RO         4472    i.prvCreateTask     tasks.o
    0x080058d2   0x080058d2   0x00000012   Code   RO         4473    i.prvDeleteTCB      tasks.o
    0x080058e4   0x080058e4   0x00000028   Code   RO         4939    i.prvGetNextExpireTime  timers.o
    0x0800590c   0x0800590c   0x0000006c   Code   RO         5133    i.prvHeapInit       heap_4.o
    0x08005978   0x08005978   0x00000028   Code   RO         4474    i.prvIdleTask       tasks.o
    0x080059a0   0x080059a0   0x0000002e   Code   RO         4002    i.prvInitialiseNewQueue  queue.o
    0x080059ce   0x080059ce   0x00000002   PAD
    0x080059d0   0x080059d0   0x000000ec   Code   RO         4475    i.prvInitialiseNewTask  tasks.o
    0x08005abc   0x08005abc   0x00000068   Code   RO         4476    i.prvInitialiseTaskLists  tasks.o
    0x08005b24   0x08005b24   0x000000e0   Code   RO         5134    i.prvInsertBlockIntoFreeList  heap_4.o
    0x08005c04   0x08005c04   0x00000058   Code   RO         4941    i.prvInsertTimerInActiveList  timers.o
    0x08005c5c   0x08005c5c   0x0000001a   Code   RO         4003    i.prvIsQueueEmpty   queue.o
    0x08005c76   0x08005c76   0x00000002   PAD
    0x08005c78   0x08005c78   0x000000d0   Code   RO         4005    i.prvNotifyQueueSetContainer  queue.o
    0x08005d48   0x08005d48   0x00000044   Code   RO         4942    i.prvProcessExpiredTimer  timers.o
    0x08005d8c   0x08005d8c   0x00000174   Code   RO         4943    i.prvProcessReceivedCommands  timers.o
    0x08005f00   0x08005f00   0x00000074   Code   RO         4944    i.prvProcessTimerOrBlockTask  timers.o
    0x08005f74   0x08005f74   0x00000028   Code   RO         4945    i.prvReloadTimer    timers.o
    0x08005f9c   0x08005f9c   0x00000030   Code   RO         4478    i.prvResetNextTaskUnblockTime  tasks.o
    0x08005fcc   0x08005fcc   0x0000002c   Code   RO         4946    i.prvSampleTimeNow  timers.o
    0x08005ff8   0x08005ff8   0x00000044   Code   RO         4947    i.prvSwitchTimerLists  timers.o
    0x0800603c   0x0800603c   0x0000007c   Code   RO         5213    i.prvTaskExitError  port.o
    0x080060b8   0x080060b8   0x0000001a   Code   RO         4948    i.prvTimerTask      timers.o
    0x080060d2   0x080060d2   0x00000090   Code   RO         4006    i.prvUnlockQueue    queue.o
    0x08006162   0x08006162   0x00000002   PAD
    0x08006164   0x08006164   0x00000200   Code   RO         5136    i.pvPortMalloc      heap_4.o
    0x08006364   0x08006364   0x00000024   Code   RO         5214    i.pxPortInitialiseStack  port.o
    0x08006388   0x08006388   0x00000064   Code   RO          469    i.start_task        freertos_demo.o
    0x080063ec   0x080063ec   0x00000066   Code   RO          612    i.sys_stm32_clock_init  sys.o
    0x08006452   0x08006452   0x00000002   PAD
    0x08006454   0x08006454   0x00000020   Code   RO          470    i.task1             freertos_demo.o
    0x08006474   0x08006474   0x0000001c   Code   RO          471    i.task2             freertos_demo.o
    0x08006490   0x08006490   0x00000038   Code   RO          686    i.usart_init        usart.o
    0x080064c8   0x080064c8   0x00000028   Code   RO         3946    i.uxListRemove      list.o
    0x080064f0   0x080064f0   0x0000000c   Code   RO         4489    i.uxTaskGetNumberOfTasks  tasks.o
    0x080064fc   0x080064fc   0x0000001a   Code   RO         3947    i.vListInitialise   list.o
    0x08006516   0x08006516   0x00000006   Code   RO         3948    i.vListInitialiseItem  list.o
    0x0800651c   0x0800651c   0x00000034   Code   RO         3949    i.vListInsert       list.o
    0x08006550   0x08006550   0x00000018   Code   RO         3950    i.vListInsertEnd    list.o
    0x08006568   0x08006568   0x00000094   Code   RO         5216    i.vPortEnterCritical  port.o
    0x080065fc   0x080065fc   0x0000007c   Code   RO         5217    i.vPortExitCritical  port.o
    0x08006678   0x08006678   0x000000e8   Code   RO         5137    i.vPortFree         heap_4.o
    0x08006760   0x08006760   0x00000028   Code   RO         5218    i.vPortSetupTimerInterrupt  port.o
    0x08006788   0x08006788   0x0000008c   Code   RO         4014    i.vQueueAddToRegistry  queue.o
    0x08006814   0x08006814   0x0000004a   Code   RO         4018    i.vQueueWaitForMessageRestricted  queue.o
    0x0800685e   0x0800685e   0x00000002   PAD
    0x08006860   0x08006860   0x00000084   Code   RO         4496    i.vTaskDelay        tasks.o
    0x080068e4   0x080068e4   0x0000013c   Code   RO         4497    i.vTaskDelete       tasks.o
    0x08006a20   0x08006a20   0x00000018   Code   RO         4501    i.vTaskInternalSetTimeOutState  tasks.o
    0x08006a38   0x08006a38   0x0000000c   Code   RO         4503    i.vTaskMissedYield  tasks.o
    0x08006a44   0x08006a44   0x00000064   Code   RO         4504    i.vTaskPlaceOnEventList  tasks.o
    0x08006aa8   0x08006aa8   0x00000090   Code   RO         4505    i.vTaskPlaceOnEventListRestricted  tasks.o
    0x08006b38   0x08006b38   0x000000a4   Code   RO         4514    i.vTaskStartScheduler  tasks.o
    0x08006bdc   0x08006bdc   0x00000010   Code   RO         4516    i.vTaskSuspendAll   tasks.o
    0x08006bec   0x08006bec   0x000000c0   Code   RO         4517    i.vTaskSwitchContext  tasks.o
    0x08006cac   0x08006cac   0x0000012c   Code   RO         5220    i.xPortStartScheduler  port.o
    0x08006dd8   0x08006dd8   0x00000034   Code   RO         5221    i.xPortSysTickHandler  port.o
    0x08006e0c   0x08006e0c   0x00000090   Code   RO         4023    i.xQueueGenericCreate  queue.o
    0x08006e9c   0x08006e9c   0x000000fc   Code   RO         4024    i.xQueueGenericReset  queue.o
    0x08006f98   0x08006f98   0x00000180   Code   RO         4033    i.xQueueReceive     queue.o
    0x08007118   0x08007118   0x000000cc   Code   RO         4520    i.xTaskCheckForTimeOut  tasks.o
    0x080071e4   0x080071e4   0x00000038   Code   RO         4521    i.xTaskCreate       tasks.o
    0x0800721c   0x0800721c   0x00000020   Code   RO         4532    i.xTaskGetSchedulerState  tasks.o
    0x0800723c   0x0800723c   0x0000000c   Code   RO         4533    i.xTaskGetTickCount  tasks.o
    0x08007248   0x08007248   0x000001f8   Code   RO         4535    i.xTaskIncrementTick  tasks.o
    0x08007440   0x08007440   0x00000118   Code   RO         4536    i.xTaskPriorityDisinherit  tasks.o
    0x08007558   0x08007558   0x0000015c   Code   RO         4538    i.xTaskRemoveFromEventList  tasks.o
    0x080076b4   0x080076b4   0x000001cc   Code   RO         4539    i.xTaskResumeAll    tasks.o
    0x08007880   0x08007880   0x00000080   Code   RO         4957    i.xTimerCreateTimerTask  timers.o
    0x08007900   0x08007900   0x0000005a   Code   RO         5381    x$fpl$dfixu         fz_ws.l(dfixu.o)
    0x0800795a   0x0800795a   0x00000026   Code   RO         5385    x$fpl$dfltu         fz_ws.l(dflt_clz.o)
    0x08007980   0x08007980   0x00000154   Code   RO         5391    x$fpl$dmul          fz_ws.l(dmul.o)
    0x08007ad4   0x08007ad4   0x0000009c   Code   RO         5411    x$fpl$dnaninf       fz_ws.l(dnaninf.o)
    0x08007b70   0x08007b70   0x0000000c   Code   RO         5413    x$fpl$dretinf       fz_ws.l(dretinf.o)
    0x08007b7c   0x08007b7c   0x00000000   Code   RO         5415    x$fpl$usenofp       fz_ws.l(usenofp.o)
    0x08007b7c   0x08007b7c   0x00000018   Data   RO          248    .constdata          system_stm32f1xx.o
    0x08007b94   0x08007b94   0x00000018   Data   RO         3735    .constdata          malloc.o
    0x08007bac   0x08007bac   0x00000028   Data   RO         5320    .constdata          c_w.l(_printf_hex_int.o)
    0x08007bd4   0x08007bd4   0x00000020   Data   RO         5567    Region$$Table       anon$$obj.o


    Execution Region RW_IRAM1 (Exec base: 0x20000000, Load base: 0x08007bf4, Size: 0x0000de30, Max: 0x00010000, ABSOLUTE)

    Exec Addr    Load Addr    Size         Type   Attr      Idx    E Section Name        Object

    0x20000000   0x08007bf4   0x00000004   Data   RW          249    .data               system_stm32f1xx.o
    0x20000004   0x08007bf8   0x00000022   Data   RW          472    .data               freertos_demo.o
    0x20000026   0x08007c1a   0x00000002   PAD
    0x20000028   0x08007c1c   0x00000004   Data   RW          555    .data               delay.o
    0x2000002c   0x08007c20   0x00000007   Data   RW          688    .data               usart.o
    0x20000033   0x08007c27   0x00000001   PAD
    0x20000034   0x08007c28   0x00000009   Data   RW          781    .data               stm32f1xx_hal.o
    0x2000003d   0x08007c31   0x00000003   PAD
    0x20000040   0x08007c34   0x0000001c   Data   RW         3736    .data               malloc.o
    0x2000005c   0x08007c50   0x00000040   Data   RW         4542    .data               tasks.o
    0x2000009c   0x08007c90   0x00000014   Data   RW         4968    .data               timers.o
    0x200000b0   0x08007ca4   0x0000001c   Data   RW         5144    .data               heap_4.o
    0x200000cc   0x08007cc0   0x0000000c   Data   RW         5222    .data               port.o
    0x200000d8        -       0x00000108   Zero   RW          687    .bss                usart.o
    0x200001e0        -       0x00000056   Zero   RW         3420    .bss                lcd.o
    0x20000236   0x08007ccc   0x00000002   PAD
    0x20000238        -       0x00000048   Zero   RW         3679    .bss                btim.o
    0x20000280        -       0x0000aa00   Zero   RW         3734    .bss                malloc.o
    0x2000ac80        -       0x00000040   Zero   RW         4040    .bss                queue.o
    0x2000acc0        -       0x000002e4   Zero   RW         4541    .bss                tasks.o
    0x2000afa4        -       0x00000028   Zero   RW         4967    .bss                timers.o
    0x2000afcc        -       0x00002800   Zero   RW         5143    .bss                heap_4.o
    0x2000d7cc        -       0x00000060   Zero   RW         5448    .bss                c_w.l(libspace.o)
    0x2000d82c   0x08007ccc   0x00000004   PAD
    0x2000d830        -       0x00000200   Zero   RW            2    HEAP                startup_stm32f103xe.o
    0x2000da30        -       0x00000400   Zero   RW            1    STACK               startup_stm32f103xe.o



  Load Region LR$$.ARM.__AT_0x68000000 (Base: 0x68000000, Size: 0x00000000, Max: 0x00000020, ABSOLUTE)

    Execution Region ER$$.ARM.__AT_0x68000000 (Exec base: 0x68000000, Load base: 0x68000000, Size: 0x00000020, Max: 0x00000020, ABSOLUTE, UNINIT)

    Exec Addr    Load Addr    Size         Type   Attr      Idx    E Section Name        Object

    0x68000000        -       0x00000020   Zero   RW         3732    .ARM.__AT_0x68000000  malloc.o



  Load Region LR$$.ARM.__AT_0x68000020 (Base: 0x68000020, Size: 0x00000000, Max: 0x00000004, ABSOLUTE)

    Execution Region ER$$.ARM.__AT_0x68000020 (Exec base: 0x68000020, Load base: 0x68000020, Size: 0x00000004, Max: 0x00000004, ABSOLUTE, UNINIT)

    Exec Addr    Load Addr    Size         Type   Attr      Idx    E Section Name        Object

    0x68000020        -       0x00000002   Zero   RW         3733    .ARM.__AT_0x68000020  malloc.o


==============================================================================

Image component sizes


      Code (inc. data)   RO Data    RW Data    ZI Data      Debug   Object Name

        52         16          0          0         72       1586   btim.o
       192          8          0          4          0       2433   delay.o
         0          0          0          0          0      13996   event_groups.o
       208         68          0         34          0      18410   freertos_demo.o
      1076        298          0         28      10240       5179   heap_4.o
       184         12          0          0          0        995   key.o
     13046        140          0          0         86      22692   lcd.o
       148         14          0          0          0        903   led.o
       148          0          0          0          0       3266   list.o
        52          0          0          0          0     495891   main.o
       132         18         24         28      43554       3339   malloc.o
       974        352          0         12          0      10008   port.o
      1586        276          0          0         64      13227   queue.o
        64         26        304          0       1536        932   startup_stm32f103xe.o
       154         32          0          9          0       6375   stm32f1xx_hal.o
       344         22          0          0          0      30021   stm32f1xx_hal_cortex.o
       424         10          0          0          0       1239   stm32f1xx_hal_dma.o
       864         40          0          0          0       3317   stm32f1xx_hal_gpio.o
      1784        110          0          0          0       6032   stm32f1xx_hal_rcc.o
       102          0          0          0          0       1204   stm32f1xx_hal_sram.o
       414          0          0          0          0       3514   stm32f1xx_hal_tim.o
         4          0          0          0          0       1525   stm32f1xx_hal_tim_ex.o
      1162         10          0          0          0       7727   stm32f1xx_hal_uart.o
        20          0          0          0          0       2573   stm32f1xx_it.o
       254         10          0          0          0       3839   stm32f1xx_ll_fsmc.o
       102          0          0          0          0        711   sys.o
         2          0         24          4          0       1331   system_stm32f1xx.o
      4180       1030          0         64        740      37069   tasks.o
      1090        212          0         20         40      13616   timers.o
       460         60          0          7        264       5413   usart.o

    ----------------------------------------------------------------------
     29248       2764        384        216      56600     718363   Object Totals
         0          0         32          0          0          0   (incl. Generated)
        26          0          0          6          4          0   (incl. Padding)

    ----------------------------------------------------------------------

      Code (inc. data)   RO Data    RW Data    ZI Data      Debug   Library Member Name

        24          4          0          0          0         84   __2printf.o
         8          0          0          0          0         68   __main.o
       104          0          0          0          0         84   __printf.o
         0          0          0          0          0          0   __rtentry.o
        12          0          0          0          0          0   __rtentry2.o
         6          0          0          0          0          0   __rtentry4.o
        52          8          0          0          0          0   __scatter.o
        26          0          0          0          0          0   __scatter_copy.o
        28          0          0          0          0          0   __scatter_zi.o
        44          0          0          0          0        108   _printf_char.o
        48          6          0          0          0         96   _printf_char_common.o
        36          4          0          0          0         80   _printf_char_file.o
         6          0          0          0          0          0   _printf_d.o
       120         16          0          0          0         92   _printf_dec.o
        88          4         40          0          0         88   _printf_hex_int.o
       178          0          0          0          0         88   _printf_intcommon.o
         0          0          0          0          0          0   _printf_percent.o
         4          0          0          0          0          0   _printf_percent_end.o
         6          0          0          0          0          0   _printf_s.o
        82          0          0          0          0         80   _printf_str.o
         6          0          0          0          0          0   _printf_x.o
        16          0          0          0          0         68   aeabi_memset.o
        18          0          0          0          0         80   exit.o
         8          0          0          0          0         68   ferror.o
         6          0          0          0          0        152   heapauxi.o
         2          0          0          0          0          0   libinit.o
         2          0          0          0          0          0   libinit2.o
         2          0          0          0          0          0   libshutdown.o
         2          0          0          0          0          0   libshutdown2.o
         8          4          0          0         96         68   libspace.o
        68          0          0          0          0         68   rt_memclr.o
        78          0          0          0          0         80   rt_memclr_w.o
       138          0          0          0          0         68   rt_memcpy_v6.o
       100          0          0          0          0         80   rt_memcpy_w.o
         2          0          0          0          0          0   rtexit.o
        10          0          0          0          0          0   rtexit2.o
        74          0          0          0          0         80   sys_stackheap_outer.o
         2          0          0          0          0         68   use_no_semi.o
         2          0          0          0          0         68   use_no_semi_2.o
        90          4          0          0          0         92   dfixu.o
        38          0          0          0          0         68   dflt_clz.o
       340         12          0          0          0        104   dmul.o
       156          4          0          0          0         92   dnaninf.o
        12          0          0          0          0         68   dretinf.o
         0          0          0          0          0          0   usenofp.o

    ----------------------------------------------------------------------
      2060         66         40          0        100       2240   Library Totals
         8          0          0          0          4          0   (incl. Padding)

    ----------------------------------------------------------------------

      Code (inc. data)   RO Data    RW Data    ZI Data      Debug   Library Name

      1416         46         40          0         96       1816   c_w.l
       636         20          0          0          0        424   fz_ws.l

    ----------------------------------------------------------------------
      2060         66         40          0        100       2240   Library Totals

    ----------------------------------------------------------------------

==============================================================================


      Code (inc. data)   RO Data    RW Data    ZI Data      Debug   

     31308       2830        424        216      56700     711291   Grand Totals
     31308       2830        424        216      56700     711291   ELF Image Totals
     31308       2830        424        216          0          0   ROM Totals

==============================================================================

    Total RO  Size (Code + RO Data)                31732 (  30.99kB)
    Total RW  Size (RW Data + ZI Data)             56916 (  55.58kB)
    Total ROM Size (Code + RO Data + RW Data)      31948 (  31.20kB)

==============================================================================

